Component: ARM Compiler 5.06 update 7 (build 960) Tool: armlink [4d3601]

==============================================================================

Section Cross References

    startup_stm32h750xx.o(STACK) refers (Special) to heapauxi.o(.text) for __use_two_region_memory
    startup_stm32h750xx.o(HEAP) refers (Special) to heapauxi.o(.text) for __use_two_region_memory
    startup_stm32h750xx.o(RESET) refers (Special) to heapauxi.o(.text) for __use_two_region_memory
    startup_stm32h750xx.o(RESET) refers to startup_stm32h750xx.o(STACK) for __initial_sp
    startup_stm32h750xx.o(RESET) refers to startup_stm32h750xx.o(.text) for Reset_Handler
    startup_stm32h750xx.o(RESET) refers to stm32h7xx_it.o(i.NMI_Handler) for NMI_Handler
    startup_stm32h750xx.o(RESET) refers to stm32h7xx_it.o(i.HardFault_Handler) for HardFault_Handler
    startup_stm32h750xx.o(RESET) refers to mpu.o(i.MemManage_Handler) for MemManage_Handler
    startup_stm32h750xx.o(RESET) refers to stm32h7xx_it.o(i.BusFault_Handler) for BusFault_Handler
    startup_stm32h750xx.o(RESET) refers to stm32h7xx_it.o(i.UsageFault_Handler) for UsageFault_Handler
    startup_stm32h750xx.o(RESET) refers to stm32h7xx_it.o(i.SVC_Handler) for SVC_Handler
    startup_stm32h750xx.o(RESET) refers to stm32h7xx_it.o(i.DebugMon_Handler) for DebugMon_Handler
    startup_stm32h750xx.o(RESET) refers to stm32h7xx_it.o(i.PendSV_Handler) for PendSV_Handler
    startup_stm32h750xx.o(RESET) refers to stm32h7xx_it.o(i.SysTick_Handler) for SysTick_Handler
    startup_stm32h750xx.o(RESET) refers to atim.o(i.TIM1_UP_IRQHandler) for TIM1_UP_IRQHandler
    startup_stm32h750xx.o(RESET) refers to atim.o(i.TIM1_CC_IRQHandler) for TIM1_CC_IRQHandler
    startup_stm32h750xx.o(RESET) refers to usart.o(i.USART1_IRQHandler) for USART1_IRQHandler
    startup_stm32h750xx.o(RESET) refers to usart.o(i.USART2_IRQHandler) for USART2_IRQHandler
    startup_stm32h750xx.o(RESET) refers to adc.o(i.DMA1_Stream7_IRQHandler) for DMA1_Stream7_IRQHandler
    startup_stm32h750xx.o(RESET) refers to btim.o(i.TIM6_DAC_IRQHandler) for TIM6_DAC_IRQHandler
    startup_stm32h750xx.o(RESET) refers to usart.o(i.DMA2_Stream4_IRQHandler) for DMA2_Stream4_IRQHandler
    startup_stm32h750xx.o(RESET) refers to usart.o(i.DMA2_Stream5_IRQHandler) for DMA2_Stream5_IRQHandler
    startup_stm32h750xx.o(RESET) refers to usart.o(i.DMA2_Stream6_IRQHandler) for DMA2_Stream6_IRQHandler
    startup_stm32h750xx.o(RESET) refers to usart.o(i.DMA2_Stream7_IRQHandler) for DMA2_Stream7_IRQHandler
    startup_stm32h750xx.o(RESET) refers to usart.o(i.USART6_IRQHandler) for USART6_IRQHandler
    startup_stm32h750xx.o(.text) refers (Special) to heapauxi.o(.text) for __use_two_region_memory
    startup_stm32h750xx.o(.text) refers to system_stm32h7xx.o(i.SystemInit) for SystemInit
    startup_stm32h750xx.o(.text) refers to __main.o(!!!main) for __main
    startup_stm32h750xx.o(.text) refers to startup_stm32h750xx.o(HEAP) for Heap_Mem
    startup_stm32h750xx.o(.text) refers to startup_stm32h750xx.o(STACK) for Stack_Mem
    main.o(i.Custom_Init) refers to usart.o(i.USART1_DMA_Transmit_Init) for USART1_DMA_Transmit_Init
    main.o(i.Custom_Init) refers to usart.o(i.USART1_DMA_Receive_Init) for USART1_DMA_Receive_Init
    main.o(i.Custom_Init) refers to usart.o(i.USART1_Init) for USART1_Init
    main.o(i.Custom_Init) refers to usart.o(i.USART2_DMA_Transmit_Init) for USART2_DMA_Transmit_Init
    main.o(i.Custom_Init) refers to usart.o(i.USART2_DMA_Receive_Init) for USART2_DMA_Receive_Init
    main.o(i.Custom_Init) refers to usart.o(i.USART2_Init) for USART2_Init
    main.o(i.Custom_Init) refers to usart.o(i.USART6_Init) for USART6_Init
    main.o(i.Custom_Init) refers to syn6288.o(i.SYN6288_Busy_Init) for SYN6288_Busy_Init
    main.o(i.Custom_Init) refers to lcd.o(i.lcd_init) for lcd_init
    main.o(i.Custom_Init) refers to dac.o(i.DAC12_Init) for DAC12_Init
    main.o(i.Custom_Init) refers to atim.o(i.ATIM1_OC_Channel1_Init) for ATIM1_OC_Channel1_Init
    main.o(i.Custom_Init) refers to key.o(i.KEY0_Init) for KEY0_Init
    main.o(i.Custom_Init) refers to key.o(i.KEY1_Init) for KEY1_Init
    main.o(i.Custom_Init) refers to btim.o(i.BTIM6_Init) for BTIM6_Init
    main.o(i.Custom_Init) refers to lcd.o(i.lcd_show_string) for lcd_show_string
    main.o(i.Custom_Init) refers to esp01s.o(i.ESP01S_Reset) for ESP01S_Reset
    main.o(i.Custom_Init) refers to esp01s.o(i.ESP01S_Init) for ESP01S_Init
    main.o(i.Custom_Init) refers to lcd.o(i.lcd_show_num) for lcd_show_num
    main.o(i.Custom_Init) refers to delay.o(i.delay_ms) for delay_ms
    main.o(i.Custom_Init) refers to lcd.o(i.lcd_clear) for lcd_clear
    main.o(i.Custom_Init) refers to main.o(.data) for BLANK_NULL
    main.o(i.Custom_Init) refers to usart.o(.data) for UART_Rec_mode
    main.o(i.Custom_Loop) refers to lcd.o(i.lcd_show_string) for lcd_show_string
    main.o(i.Custom_Loop) refers to stm32h7xx_hal_adc.o(i.HAL_ADC_Stop_DMA) for HAL_ADC_Stop_DMA
[...]
    Long Thumb to Thumb Veneer to HAL_ADC_Stop_DMA 0x08000567   Thumb Code    10  anon$$obj.o(Veneer$$Code)
    Long Thumb to Thumb Veneer to ADC1_Channel19_TimTri_Init 0x08000571   Thumb Code    10  anon$$obj.o(Veneer$$Code)
    Long Thumb to Thumb Veneer to HAL_UART_DMAStop 0x0800057b   Thumb Code    10  anon$$obj.o(Veneer$$Code)
    Long Thumb to Thumb Veneer to strstr     0x08000585   Thumb Code    10  anon$$obj.o(Veneer$$Code)
    Long Thumb to Thumb Veneer to atoi       0x0800058f   Thumb Code    10  anon$$obj.o(Veneer$$Code)
    Long Thumb to Thumb Veneer to __aeabi_memclr 0x08000599   Thumb Code    10  anon$$obj.o(Veneer$$Code)
    Long Thumb to Thumb Veneer to KEY_Scan   0x080005a3   Thumb Code    10  anon$$obj.o(Veneer$$Code)
    Long Thumb to Thumb Veneer to __aeabi_memcpy 0x080005ad   Thumb Code    10  anon$$obj.o(Veneer$$Code)
    Long Thumb to Thumb Veneer to SYN6288_Say 0x080005b7   Thumb Code    10  anon$$obj.o(Veneer$$Code)
    Long Thumb to Thumb Veneer to SYN6288_State_Check 0x080005c1   Thumb Code    10  anon$$obj.o(Veneer$$Code)
    Long Thumb to Thumb Veneer to __2sprintf 0x080005cb   Thumb Code    10  anon$$obj.o(Veneer$$Code)
    Long Thumb to Thumb Veneer to ESP01S_Transmit 0x080005d5   Thumb Code    10  anon$$obj.o(Veneer$$Code)
    Long Thumb to Thumb Veneer to strlen     0x080005df   Thumb Code    10  anon$$obj.o(Veneer$$Code)
    Long Thumb to Thumb Veneer to HAL_UART_IRQHandler 0x080005e9   Thumb Code    10  anon$$obj.o(Veneer$$Code)
    Long Thumb to Thumb Veneer to HAL_UART_GetState 0x080005f3   Thumb Code    10  anon$$obj.o(Veneer$$Code)
    Long Thumb to Thumb Veneer to HAL_UART_Receive_IT 0x080005fd   Thumb Code    10  anon$$obj.o(Veneer$$Code)
    Long Thumb to Thumb Veneer to HAL_UART_Init 0x08000607   Thumb Code    10  anon$$obj.o(Veneer$$Code)
    Long Thumb to Thumb Veneer to MPU_Memory_Protection 0x08000611   Thumb Code    10  anon$$obj.o(Veneer$$Code)
    Long Thumb to Thumb Veneer to strcmp     0x0800061b   Thumb Code    10  anon$$obj.o(Veneer$$Code)
    BusFault_Handler                         0x08000625   Thumb Code     4  stm32h7xx_it.o(i.BusFault_Handler)
    Custom_Init                              0x08000629   Thumb Code   378  main.o(i.Custom_Init)
    Custom_Loop                              0x080007f1   Thumb Code   234  main.o(i.Custom_Loop)
    DMA2_Stream4_IRQHandler                  0x0800091d   Thumb Code   228  usart.o(i.DMA2_Stream4_IRQHandler)
    DMA2_Stream5_IRQHandler                  0x08000a19   Thumb Code   230  usart.o(i.DMA2_Stream5_IRQHandler)
    DMA2_Stream6_IRQHandler                  0x08000b15   Thumb Code   462  usart.o(i.DMA2_Stream6_IRQHandler)
    DMA2_Stream7_IRQHandler                  0x08000cf9   Thumb Code   240  usart.o(i.DMA2_Stream7_IRQHandler)
    DebugMon_Handler                         0x08001369   Thumb Code     2  stm32h7xx_it.o(i.DebugMon_Handler)
    HAL_DMA_Abort                            0x0800136d   Thumb Code  1236  stm32h7xx_hal_dma.o(i.HAL_DMA_Abort)
    HAL_DMA_Abort_IT                         0x08001849   Thumb Code   906  stm32h7xx_hal_dma.o(i.HAL_DMA_Abort_IT)
    HAL_DMA_GetError                         0x08001be1   Thumb Code     6  stm32h7xx_hal_dma.o(i.HAL_DMA_GetError)
    HAL_DMA_Init                             0x08001be9   Thumb Code  1220  stm32h7xx_hal_dma.o(i.HAL_DMA_Init)
    HAL_DMA_Start_IT                         0x080020b1   Thumb Code   980  stm32h7xx_hal_dma.o(i.HAL_DMA_Start_IT)
    HAL_Delay                                0x08002491   Thumb Code    12  delay.o(i.HAL_Delay)
    HAL_EnableCompensationCell               0x0800249d   Thumb Code    14  stm32h7xx_hal.o(i.HAL_EnableCompensationCell)
    HAL_GPIO_Init                            0x080024b1   Thumb Code   468  stm32h7xx_hal_gpio.o(i.HAL_GPIO_Init)
    HAL_GPIO_ReadPin                         0x080026b9   Thumb Code    16  stm32h7xx_hal_gpio.o(i.HAL_GPIO_ReadPin)
    HAL_GPIO_WritePin                        0x080026c9   Thumb Code    12  stm32h7xx_hal_gpio.o(i.HAL_GPIO_WritePin)
    HAL_GetREVID                             0x080026d5   Thumb Code     8  stm32h7xx_hal.o(i.HAL_GetREVID)
    HAL_GetTick                              0x080026e1   Thumb Code     6  stm32h7xx_hal.o(i.HAL_GetTick)
    HAL_IncTick                              0x080026ed   Thumb Code    16  stm32h7xx_hal.o(i.HAL_IncTick)
    HAL_Init                                 0x08002705   Thumb Code    80  stm32h7xx_hal.o(i.HAL_Init)
    HAL_InitTick                             0x08002765   Thumb Code    74  stm32h7xx_hal.o(i.HAL_InitTick)
    HAL_MPU_ConfigRegion                     0x080027bd   Thumb Code    88  stm32h7xx_hal_cortex.o(i.HAL_MPU_ConfigRegion)
    HAL_MPU_Disable                          0x08002819   Thumb Code    38  stm32h7xx_hal_cortex.o(i.HAL_MPU_Disable)
    HAL_MPU_Enable                           0x08002845   Thumb Code    58  stm32h7xx_hal_cortex.o(i.HAL_MPU_Enable)
    HAL_MspInit                              0x08002885   Thumb Code     2  stm32h7xx_hal.o(i.HAL_MspInit)
    HAL_NVIC_EnableIRQ                       0x08002887   Thumb Code    32  stm32h7xx_hal_cortex.o(i.HAL_NVIC_EnableIRQ)
    HAL_NVIC_SetPriority                     0x080028a7   Thumb Code   122  stm32h7xx_hal_cortex.o(i.HAL_NVIC_SetPriority)
    HAL_NVIC_SetPriorityGrouping             0x08002921   Thumb Code    32  stm32h7xx_hal_cortex.o(i.HAL_NVIC_SetPriorityGrouping)
    HAL_PWREx_EnableUSBVoltageDetector       0x08002949   Thumb Code    14  stm32h7xx_hal_pwr_ex.o(i.HAL_PWREx_EnableUSBVoltageDetector)
    HAL_RCCEx_GetD1SysClockFreq              0x0800295d   Thumb Code    34  stm32h7xx_hal_rcc_ex.o(i.HAL_RCCEx_GetD1SysClockFreq)
    HAL_RCCEx_GetD3PCLK1Freq                 0x0800298d   Thumb Code    26  stm32h7xx_hal_rcc_ex.o(i.HAL_RCCEx_GetD3PCLK1Freq)
    HAL_RCCEx_GetPLL1ClockFreq               0x080029b1   Thumb Code   536  stm32h7xx_hal_rcc_ex.o(i.HAL_RCCEx_GetPLL1ClockFreq)
    HAL_RCCEx_GetPLL2ClockFreq               0x08002be1   Thumb Code   536  stm32h7xx_hal_rcc_ex.o(i.HAL_RCCEx_GetPLL2ClockFreq)
    HAL_RCCEx_GetPLL3ClockFreq               0x08002e11   Thumb Code   536  stm32h7xx_hal_rcc_ex.o(i.HAL_RCCEx_GetPLL3ClockFreq)
    HAL_RCCEx_GetPeriphCLKFreq               0x08003041   Thumb Code   894  stm32h7xx_hal_rcc_ex.o(i.HAL_RCCEx_GetPeriphCLKFreq)
    HAL_RCCEx_PeriphCLKConfig                0x080033d5   Thumb Code  2842  stm32h7xx_hal_rcc_ex.o(i.HAL_RCCEx_PeriphCLKConfig)
    HAL_RCC_ClockConfig                      0x08003ef5   Thumb Code   748  stm32h7xx_hal_rcc.o(i.HAL_RCC_ClockConfig)
    HAL_RCC_GetHCLKFreq                      0x080041f5   Thumb Code    34  stm32h7xx_hal_rcc.o(i.HAL_RCC_GetHCLKFreq)
    HAL_RCC_GetPCLK1Freq                     0x08004225   Thumb Code    26  stm32h7xx_hal_rcc.o(i.HAL_RCC_GetPCLK1Freq)
    HAL_RCC_GetPCLK2Freq                     0x08004249   Thumb Code    26  stm32h7xx_hal_rcc.o(i.HAL_RCC_GetPCLK2Freq)
    HAL_RCC_GetSysClockFreq                  0x0800426d   Thumb Code   524  stm32h7xx_hal_rcc.o(i.HAL_RCC_GetSysClockFreq)
    HAL_RCC_OscConfig                        0x08004499   Thumb Code  1910  stm32h7xx_hal_rcc.o(i.HAL_RCC_OscConfig)
    HAL_SYSTICK_Config                       0x08004c19   Thumb Code    52  stm32h7xx_hal_cortex.o(i.HAL_SYSTICK_Config)
    HAL_UART_MspInit                         0x08004c4d   Thumb Code   180  usart.o(i.HAL_UART_MspInit)
    HAL_UART_RxCpltCallback                  0x08004d0d   Thumb Code   388  usart.o(i.HAL_UART_RxCpltCallback)
    HardFault_Handler                        0x08004ed5   Thumb Code     4  stm32h7xx_it.o(i.HardFault_Handler)
    Key_CallBack                             0x08004ed9   Thumb Code   228  main.o(i.Key_CallBack)
    Key_Scan                                 0x08004ffd   Thumb Code    76  main.o(i.Key_Scan)
    NMI_Handler                              0x0800504d   Thumb Code     2  stm32h7xx_it.o(i.NMI_Handler)
    PCM_Download                             0x08005051   Thumb Code   264  main.o(i.PCM_Download)
    PCM_Play_SYN                             0x08005195   Thumb Code   226  main.o(i.PCM_Play_SYN)
    PCM_Upload                               0x080052a1   Thumb Code   302  main.o(i.PCM_Upload)
    PendSV_Handler                           0x08005449   Thumb Code     2  stm32h7xx_it.o(i.PendSV_Handler)
    SVC_Handler                              0x0800582d   Thumb Code     2  stm32h7xx_it.o(i.SVC_Handler)
    SysTick_Handler                          0x0800582f   Thumb Code     8  stm32h7xx_it.o(i.SysTick_Handler)
    SystemInit                               0x08005839   Thumb Code   146  system_stm32h7xx.o(i.SystemInit)
    USART1_DMA_Receive_Init                  0x080058e1   Thumb Code   548  usart.o(i.USART1_DMA_Receive_Init)
    USART1_DMA_Transmit_Init                 0x08005b15   Thumb Code   550  usart.o(i.USART1_DMA_Transmit_Init)
    USART1_IRQHandler                        0x08005d4d   Thumb Code    78  usart.o(i.USART1_IRQHandler)
    USART1_Init                              0x08005dad   Thumb Code    44  usart.o(i.USART1_Init)
    USART2_DMA_Receive_Init                  0x08005de5   Thumb Code   548  usart.o(i.USART2_DMA_Receive_Init)
    USART2_DMA_Transmit_Init                 0x08006019   Thumb Code   550  usart.o(i.USART2_DMA_Transmit_Init)
    USART2_IRQHandler                        0x08006251   Thumb Code    72  usart.o(i.USART2_IRQHandler)
    USART2_Init                              0x080062a5   Thumb Code   206  usart.o(i.USART2_Init)
    USART6_IRQHandler                        0x08006389   Thumb Code    72  usart.o(i.USART6_IRQHandler)
    USART6_Init                              0x080063dd   Thumb Code   212  usart.o(i.USART6_Init)
    UsageFault_Handler                       0x080064c5   Thumb Code     4  stm32h7xx_it.o(i.UsageFault_Handler)
    _sys_exit                                0x08006501   Thumb Code     4  usart.o(i._sys_exit)
    delay_init                               0x08006505   Thumb Code     6  delay.o(i.delay_init)
    delay_ms                                 0x08006511   Thumb Code    18  delay.o(i.delay_ms)
    delay_us                                 0x08006525   Thumb Code    68  delay.o(i.delay_us)
    fputc                                    0x0800656d   Thumb Code    22  usart.o(i.fputc)
    main                                     0x08006589   Thumb Code    40  main.o(i.main)
    sys_cache_enable                         0x080065b1   Thumb Code    24  sys.o(i.sys_cache_enable)
    sys_intx_disable                         0x080065cd   Thumb Code     4  sys.o(i.sys_intx_disable)
    sys_intx_enable                          0x080065d1   Thumb Code     4  sys.o(i.sys_intx_enable)
    sys_qspi_enable_memmapmode               0x080065d5   Thumb Code   434  sys.o(i.sys_qspi_enable_memmapmode)
    sys_stm32_clock_init                     0x080067ad   Thumb Code   344  sys.o(i.sys_stm32_clock_init)
    _get_lc_ctype                            0x08006915   Thumb Code    44  lc_ctype_c.o(locale$$code)
    _fp_init                                 0x08006941   Thumb Code    10  fpinit.o(x$fpl$fpinit)
    __fplib_config_fpu_vfp                   0x08006949   Thumb Code     0  fpinit.o(x$fpl$fpinit)
    __fplib_config_pureend_doubles           0x08006949   Thumb Code     0  fpinit.o(x$fpl$fpinit)
    D1CorePrescTable                         0x0800694a   Data          16  system_stm32h7xx.o(.constdata)
    Region$$Table$$Base                      0x08006964   Number         0  anon$$obj.o(Region$$Table)
    Region$$Table$$Limit                     0x08006984   Number         0  anon$$obj.o(Region$$Table)
    __ctype                                  0x08006991   Data           0  lc_ctype_c.o(locale$$data)
    Sampling_points                          0x24000000   Data           4  main.o(.data)
    ADC_State                                0x24000004   Data           1  main.o(.data)
    ADC_Sampling_Count                       0x24000008   Data           4  main.o(.data)
    remain_MAX_TIME                          0x2400000c   Data           2  main.o(.data)
    BLANK_NULL                               0x2400000e   Data          25  main.o(.data)
    voice_valid                              0x24000027   Data           1  main.o(.data)
    download_data_length                     0x24000028   Data           4  main.o(.data)
    SystemCoreClock                          0x24000030   Data           4  system_stm32h7xx.o(.data)
    SystemD2Clock                            0x24000034   Data           4  system_stm32h7xx.o(.data)
    uwTick                                   0x2400003c   Data           4  stm32h7xx_hal.o(.data)
    uwTickPrio                               0x24000040   Data           4  stm32h7xx_hal.o(.data)
    uwTickFreq                               0x24000044   Data           1  stm32h7xx_hal.o(.data)
    __stdout                                 0x24000048   Data           4  usart.o(.data)
    USART1_RX_Buffer                         0x2400004c   Data           1  usart.o(.data)
    USART1_RX_DATA_State                     0x2400004e   Data           2  usart.o(.data)
    USART1_RX_DATA_Struct                    0x24000050   Data          24  usart.o(.data)
    USART1_TX_DATA_Struct                    0x24000068   Data          16  usart.o(.data)
    USART2_RX_Buffer                         0x24000078   Data           1  usart.o(.data)
    USART2_RX_DATA_Struct                    0x2400007c   Data          24  usart.o(.data)
    USART2_TX_DATA_Struct                    0x24000094   Data          16  usart.o(.data)
    USART6_RX_Buffer                         0x240000a4   Data           1  usart.o(.data)
    USART6_RX_DATA_Struct                    0x240000a8   Data          24  usart.o(.data)
    USART6_TX_DATA_Struct                    0x240000c0   Data          16  usart.o(.data)
    USART1_Mode                              0x240000d0   Data           1  usart.o(.data)
    UART_Rec_mode                            0x240000d1   Data           1  usart.o(.data)
    recieved_length                          0x240000d4   Data           4  usart.o(.data)
    current_pos                              0x240000d8   Data           4  usart.o(.data)
    offset                                   0x240000dc   Data           4  usart.o(.data)
    temp                                     0x240000e0   Data           4  usart.o(.data)
    USART1_TX_DATA_Finish_Flag               0x240000e4   Data           1  usart.o(.data)
    USART1_RX_DATA_Finish_Flag               0x240000e5   Data           1  usart.o(.data)
    USART2_TX_DATA_Finish_Flag               0x240000e6   Data           1  usart.o(.data)
    USART2_RX_DATA_Finish_Flag               0x240000e7   Data           1  usart.o(.data)
    g_point_color                            0x240000ec   Data           4  lcd.o(.data)
    g_back_color                             0x240000f0   Data           4  lcd.o(.data)
    ADC1_Channel19_DMA_Finish_Flag           0x240000f4   Data           1  adc.o(.data)
    BTIM6_Int_Count                          0x240000f8   Data           4  btim.o(.data)
    i                                        0x240000fc   Data           4  btim.o(.data)
    value                                    0x24000100   Data           2  btim.o(.data)
    DAC_Done_flag                            0x24000102   Data           1  btim.o(.data)
    ATIM1_PWMIN_Channel1_State               0x24000104   Data           1  atim.o(.data)
    ATIM1_PWMIN_Channel1_Psc                 0x24000106   Data           2  atim.o(.data)
    ATIM1_PWMIN_Channel1_Cycle               0x24000108   Data           4  atim.o(.data)
    ATIM1_PWMIN_Channel1_High                0x2400010c   Data           4  atim.o(.data)
    Voice_Value                              0x24000114   Data       320000  main.o(.bss)
    GBK_Value                                0x2404e314   Data        4000  main.o(.bss)
    USART1_HAL_Handler                       0x2404f2b4   Data         140  usart.o(.bss)
    USART1_RX_DATA                           0x2404f340   Data         255  usart.o(.bss)
    USART1_RX_DMA_HAL_Handler                0x2404f440   Data         120  usart.o(.bss)
    USART1_TX_DATA                           0x2404f4b8   Data         255  usart.o(.bss)
    USART1_TX_DMA_HAL_Handler                0x2404f5b8   Data         120  usart.o(.bss)
    USART2_HAL_Handler                       0x2404f630   Data         140  usart.o(.bss)
    USART2_RX_DATA                           0x2404f6bc   Data        4096  usart.o(.bss)
    USART2_RX_DMA_HAL_Handler                0x240506bc   Data         120  usart.o(.bss)
    USART2_TX_DATA                           0x24050734   Data         255  usart.o(.bss)
    USART2_TX_DMA_HAL_Handler                0x24050834   Data         120  usart.o(.bss)
    USART6_HAL_Handler                       0x240508ac   Data         140  usart.o(.bss)
    USART6_RX_DATA                           0x24050938   Data        4096  usart.o(.bss)
    USART6_RX_DMA_HAL_Handler                0x24051938   Data         120  usart.o(.bss)
    USART6_TX_DATA                           0x240519b0   Data         255  usart.o(.bss)
    USART6_TX_DMA_HAL_Handler                0x24051ab0   Data         120  usart.o(.bss)
    temp_array                               0x24051b28   Data        4000  usart.o(.bss)
    g_sram_handle                            0x24052ac8   Data          76  lcd.o(.bss)
    lcddev                                   0x24052b14   Data          14  lcd.o(.bss)
    ADC1_HAL_Handle                          0x24052b24   Data         100  adc.o(.bss)
    DMA1_CHANNEL7_HAL_Handle                 0x24052b88   Data         120  adc.o(.bss)
    BTIM6_HAL_Handle                         0x24052c00   Data          64  btim.o(.bss)
    ATIM1_HAL_Handle                         0x24052c40   Data          64  atim.o(.bss)
    ATIM1_BKIN_init_struct                   0x24052c80   Data          44  atim.o(.bss)
    DAC12_HAL_Handle                         0x24052cac   Data          20  dac.o(.bss)
    __libspace_start                         0x24052cc0   Data          96  libspace.o(.bss)
    __temporary_stack_top$libspace           0x24052d20   Data           0  libspace.o(.bss)
    _printf_d                                0x90000001   Thumb Code     0  _printf_d.o(.ARM.Collect$$_printf_percent$$00000009)
    _printf_percent                          0x90000001   Thumb Code     0  _printf_percent.o(.ARM.Collect$$_printf_percent$$00000000)
    _printf_percent_end                      0x90000007   Thumb Code     0  _printf_percent_end.o(.ARM.Collect$$_printf_percent$$00000017)
    __2printf                                0x9000000d   Thumb Code    20  noretval__2printf.o(.text)
    __2sprintf                               0x90000025   Thumb Code    34  noretval__2sprintf.o(.text)
    _printf_int_dec                          0x9000004d   Thumb Code   104  _printf_dec.o(.text)
    __printf                                 0x900000c5   Thumb Code   270  __printf_wp.o(.text)
    atoi                                     0x900001d3   Thumb Code    26  atoi.o(.text)
    strstr                                   0x900001ed   Thumb Code    36  strstr.o(.text)
    strlen                                   0x90000211   Thumb Code    62  strlen.o(.text)
    strcat                                   0x9000024f   Thumb Code    24  strcat.o(.text)
    __aeabi_memcpy                           0x90000267   Thumb Code     0  rt_memcpy_v6.o(.text)
    __rt_memcpy                              0x90000267   Thumb Code   138  rt_memcpy_v6.o(.text)
    _memcpy_lastbytes                        0x900002cd   Thumb Code     0  rt_memcpy_v6.o(.text)
    __aeabi_memclr                           0x900002f1   Thumb Code     0  rt_memclr.o(.text)
    __rt_memclr                              0x900002f1   Thumb Code    68  rt_memclr.o(.text)
    _memset                                  0x900002f5   Thumb Code     0  rt_memclr.o(.text)
    __aeabi_memclr4                          0x90000335   Thumb Code     0  rt_memclr_w.o(.text)
    __aeabi_memclr8                          0x90000335   Thumb Code     0  rt_memclr_w.o(.text)
    __rt_memclr_w                            0x90000335   Thumb Code    78  rt_memclr_w.o(.text)
    _memset_w                                0x90000339   Thumb Code     0  rt_memclr_w.o(.text)
    __aeabi_errno_addr                       0x90000385   Thumb Code     8  rt_errno_addr_intlibspace.o(.text)
    __errno$intlibspace                      0x90000385   Thumb Code     0  rt_errno_addr_intlibspace.o(.text)
    __rt_errno_addr$intlibspace              0x90000385   Thumb Code     0  rt_errno_addr_intlibspace.o(.text)
    _printf_int_common                       0x9000038d   Thumb Code   178  _printf_intcommon.o(.text)
    _printf_char_common                      0x9000044b   Thumb Code    32  _printf_char_common.o(.text)
    _sputc                                   0x90000471   Thumb Code    10  _sputc.o(.text)
    _printf_char_file                        0x9000047d   Thumb Code    32  _printf_char_file.o(.text)
    strtol                                   0x900004a1   Thumb Code   112  strtol.o(.text)
    __aeabi_memcpy4                          0x90000511   Thumb Code     0  rt_memcpy_w.o(.text)
    __aeabi_memcpy8                          0x90000511   Thumb Code     0  rt_memcpy_w.o(.text)
    __rt_memcpy_w                            0x90000511   Thumb Code   100  rt_memcpy_w.o(.text)
    _memcpy_lastbytes_aligned                0x90000559   Thumb Code     0  rt_memcpy_w.o(.text)
    __rt_ctype_table                         0x90000575   Thumb Code    16  rt_ctype_table.o(.text)
    _strtoul                                 0x90000585   Thumb Code   158  _strtoul.o(.text)
    ferror                                   0x90000623   Thumb Code     8  ferror.o(.text)
    _chval                                   0x9000062b   Thumb Code    28  _chval.o(.text)
    strcmp                                   0x90000649   Thumb Code   104  strcmpv7m_pel.o(.text)
    Long Thumb to Thumb Veneer to __rt_locale 0x900006b1   Thumb Code    10  anon$$obj.o(Veneer$$Code)
    Long Thumb to Thumb Veneer to HAL_GPIO_Init 0x900006bb   Thumb Code    10  anon$$obj.o(Veneer$$Code)
    Long Thumb to Thumb Veneer to HAL_DMA_Init 0x900006c5   Thumb Code    10  anon$$obj.o(Veneer$$Code)
    Long Thumb to Thumb Veneer to HAL_NVIC_SetPriority 0x900006cf   Thumb Code    10  anon$$obj.o(Veneer$$Code)
    Long Thumb to Thumb Veneer to HAL_NVIC_EnableIRQ 0x900006d9   Thumb Code    10  anon$$obj.o(Veneer$$Code)
    Long Thumb to Thumb Veneer to HAL_DMA_Start_IT 0x900006e3   Thumb Code    10  anon$$obj.o(Veneer$$Code)
    Long Thumb to Thumb Veneer to HAL_RCC_GetHCLKFreq 0x900006ed   Thumb Code    10  anon$$obj.o(Veneer$$Code)
    Long Thumb to Thumb Veneer to HAL_RCCEx_GetPeriphCLKFreq 0x900006f7   Thumb Code    10  anon$$obj.o(Veneer$$Code)
    Long Thumb to Thumb Veneer to HAL_GetREVID 0x90000701   Thumb Code    10  anon$$obj.o(Veneer$$Code)
    Long Thumb to Thumb Veneer to HAL_GetTick 0x9000070b   Thumb Code    10  anon$$obj.o(Veneer$$Code)
    Long Thumb to Thumb Veneer to sys_intx_disable 0x90000715   Thumb Code    10  anon$$obj.o(Veneer$$Code)
    Long Thumb to Thumb Veneer to sys_intx_enable 0x9000071f   Thumb Code    10  anon$$obj.o(Veneer$$Code)
    Long Thumb to Thumb Veneer to delay_ms   0x90000729   Thumb Code    10  anon$$obj.o(Veneer$$Code)
    Long Thumb to Thumb Veneer to HAL_DMA_Abort 0x90000733   Thumb Code    10  anon$$obj.o(Veneer$$Code)
    Long Thumb to Thumb Veneer to HAL_Delay  0x9000073d   Thumb Code    10  anon$$obj.o(Veneer$$Code)
    Long Thumb to Thumb Veneer to HAL_DMA_GetError 0x90000747   Thumb Code    10  anon$$obj.o(Veneer$$Code)
    Long Thumb to Thumb Veneer to HAL_DMA_Abort_IT 0x90000751   Thumb Code    10  anon$$obj.o(Veneer$$Code)
    Long Thumb to Thumb Veneer to HAL_UART_MspInit 0x9000075b   Thumb Code    10  anon$$obj.o(Veneer$$Code)
    Long Thumb to Thumb Veneer to HAL_GPIO_ReadPin 0x90000765   Thumb Code    10  anon$$obj.o(Veneer$$Code)
    Long Thumb to Thumb Veneer to HAL_MPU_Disable 0x9000076f   Thumb Code    10  anon$$obj.o(Veneer$$Code)
    Long Thumb to Thumb Veneer to HAL_MPU_ConfigRegion 0x90000779   Thumb Code    10  anon$$obj.o(Veneer$$Code)
    Long Thumb to Thumb Veneer to HAL_MPU_Enable 0x90000783   Thumb Code    10  anon$$obj.o(Veneer$$Code)
    Long Thumb to Thumb Veneer to HAL_UART_RxCpltCallback 0x9000078d   Thumb Code    10  anon$$obj.o(Veneer$$Code)
    Long Thumb to Thumb Veneer to HAL_RCCEx_GetD3PCLK1Freq 0x90000797   Thumb Code    10  anon$$obj.o(Veneer$$Code)
    Long Thumb to Thumb Veneer to HAL_RCCEx_GetPLL2ClockFreq 0x900007a1   Thumb Code    10  anon$$obj.o(Veneer$$Code)
    Long Thumb to Thumb Veneer to HAL_RCCEx_GetPLL3ClockFreq 0x900007ab   Thumb Code    10  anon$$obj.o(Veneer$$Code)
    Long Thumb to Thumb Veneer to __aeabi_uldivmod 0x900007b5   Thumb Code    10  anon$$obj.o(Veneer$$Code)
    Long Thumb to Thumb Veneer to HAL_RCC_GetPCLK1Freq 0x900007bf   Thumb Code    10  anon$$obj.o(Veneer$$Code)
    Long Thumb to Thumb Veneer to HAL_RCC_GetPCLK2Freq 0x900007c9   Thumb Code    10  anon$$obj.o(Veneer$$Code)
    Long Thumb to Thumb Veneer to delay_us   0x900007d3   Thumb Code    10  anon$$obj.o(Veneer$$Code)
    Long Thumb to Thumb Veneer to HAL_GPIO_WritePin 0x900007dd   Thumb Code    10  anon$$obj.o(Veneer$$Code)
    ADC1_Channel19_TimTri_Init               0x900007e9   Thumb Code   378  adc.o(i.ADC1_Channel19_TimTri_Init)
    ADC_ConfigureBoostMode                   0x90000981   Thumb Code   320  stm32h7xx_hal_adc.o(i.ADC_ConfigureBoostMode)
    ADC_ConversionStop                       0x90000ae1   Thumb Code   268  stm32h7xx_hal_adc.o(i.ADC_ConversionStop)
    ADC_DMAConvCplt                          0x90000bf5   Thumb Code   146  stm32h7xx_hal_adc.o(i.ADC_DMAConvCplt)
    ADC_DMAError                             0x90000c87   Thumb Code    30  stm32h7xx_hal_adc.o(i.ADC_DMAError)
    ADC_DMAHalfConvCplt                      0x90000ca5   Thumb Code    14  stm32h7xx_hal_adc.o(i.ADC_DMAHalfConvCplt)
    ADC_Disable                              0x90000cb5   Thumb Code   132  stm32h7xx_hal_adc.o(i.ADC_Disable)
    ADC_Enable                               0x90000d3d   Thumb Code   172  stm32h7xx_hal_adc.o(i.ADC_Enable)
    ATIM1_OC_Channel1_Init                   0x90000dfd   Thumb Code   180  atim.o(i.ATIM1_OC_Channel1_Init)
    ATIM1_PWMIN_Channel1_Restart             0x90000ec1   Thumb Code    98  atim.o(i.ATIM1_PWMIN_Channel1_Restart)
    BTIM6_Init                               0x90000f31   Thumb Code    28  btim.o(i.BTIM6_Init)
    DAC12_Init                               0x90000f55   Thumb Code   168  dac.o(i.DAC12_Init)
    DMA1_Stream7_IRQHandler                  0x9000100d   Thumb Code   244  adc.o(i.DMA1_Stream7_IRQHandler)
    Data_find                                0x90001119   Thumb Code    70  esp01s.o(i.Data_find)
    ESP01S_Command                           0x90001161   Thumb Code   118  esp01s.o(i.ESP01S_Command)
    ESP01S_Init                              0x900011e1   Thumb Code   134  esp01s.o(i.ESP01S_Init)
    ESP01S_Reset                             0x9000130d   Thumb Code    72  esp01s.o(i.ESP01S_Reset)
    ESP01S_Transmit                          0x90001371   Thumb Code   168  esp01s.o(i.ESP01S_Transmit)
    FMC_NORSRAM_Extended_Timing_Init         0x90001429   Thumb Code    62  stm32h7xx_ll_fmc.o(i.FMC_NORSRAM_Extended_Timing_Init)
    FMC_NORSRAM_Init                         0x9000146d   Thumb Code   146  stm32h7xx_ll_fmc.o(i.FMC_NORSRAM_Init)
    FMC_NORSRAM_Timing_Init                  0x90001505   Thumb Code   102  stm32h7xx_ll_fmc.o(i.FMC_NORSRAM_Timing_Init)
    HAL_ADCEx_Calibration_Start              0x9000156d   Thumb Code   174  stm32h7xx_hal_adc_ex.o(i.HAL_ADCEx_Calibration_Start)
    HAL_ADC_ConfigChannel                    0x90001625   Thumb Code  1300  stm32h7xx_hal_adc.o(i.HAL_ADC_ConfigChannel)
    HAL_ADC_ConvCpltCallback                 0x90001b61   Thumb Code     2  stm32h7xx_hal_adc.o(i.HAL_ADC_ConvCpltCallback)
    HAL_ADC_ConvHalfCpltCallback             0x90001b63   Thumb Code     2  stm32h7xx_hal_adc.o(i.HAL_ADC_ConvHalfCpltCallback)
    HAL_ADC_ErrorCallback                    0x90001b65   Thumb Code     2  stm32h7xx_hal_adc.o(i.HAL_ADC_ErrorCallback)
    HAL_ADC_Init                             0x90001b69   Thumb Code   606  stm32h7xx_hal_adc.o(i.HAL_ADC_Init)
    HAL_ADC_MspInit                          0x90001df5   Thumb Code     2  stm32h7xx_hal_adc.o(i.HAL_ADC_MspInit)
    HAL_ADC_Start_DMA                        0x90001df9   Thumb Code   278  stm32h7xx_hal_adc.o(i.HAL_ADC_Start_DMA)
    HAL_ADC_Stop_DMA                         0x90001f2d   Thumb Code   136  stm32h7xx_hal_adc.o(i.HAL_ADC_Stop_DMA)
    HAL_DAC_ConfigChannel                    0x90001fb5   Thumb Code   436  stm32h7xx_hal_dac.o(i.HAL_DAC_ConfigChannel)
    HAL_DAC_Init                             0x9000216d   Thumb Code    40  stm32h7xx_hal_dac.o(i.HAL_DAC_Init)
    HAL_DAC_MspInit                          0x90002195   Thumb Code     2  stm32h7xx_hal_dac.o(i.HAL_DAC_MspInit)
    HAL_DAC_SetValue                         0x90002197   Thumb Code    44  stm32h7xx_hal_dac.o(i.HAL_DAC_SetValue)
    HAL_DAC_Start                            0x900021c3   Thumb Code   120  stm32h7xx_hal_dac.o(i.HAL_DAC_Start)
    HAL_SRAM_Init                            0x9000223d   Thumb Code   106  stm32h7xx_hal_sram.o(i.HAL_SRAM_Init)
    HAL_SRAM_MspInit                         0x900022ad   Thumb Code   140  lcd.o(i.HAL_SRAM_MspInit)
    HAL_TIM_Base_Init                        0x90002345   Thumb Code    52  stm32h7xx_hal_tim.o(i.HAL_TIM_Base_Init)
    HAL_TIM_Base_MspInit                     0x90002379   Thumb Code    58  btim.o(i.HAL_TIM_Base_MspInit)
    HAL_TIM_Base_Stop                        0x900023bd   Thumb Code    56  stm32h7xx_hal_tim.o(i.HAL_TIM_Base_Stop)
    HAL_TIM_Base_Stop_IT                     0x900023f5   Thumb Code    56  stm32h7xx_hal_tim.o(i.HAL_TIM_Base_Stop_IT)
    HAL_TIM_OC_ConfigChannel                 0x9000242d   Thumb Code   148  stm32h7xx_hal_tim.o(i.HAL_TIM_OC_ConfigChannel)
    HAL_TIM_OC_Init                          0x900024c1   Thumb Code    52  stm32h7xx_hal_tim.o(i.HAL_TIM_OC_Init)
    HAL_TIM_OC_MspInit                       0x900024f5   Thumb Code     2  stm32h7xx_hal_tim.o(i.HAL_TIM_OC_MspInit)
    HAL_TIM_OC_Start                         0x900024f9   Thumb Code   112  stm32h7xx_hal_tim.o(i.HAL_TIM_OC_Start)
    HAL_TIM_ReadCapturedValue                0x90002581   Thumb Code    50  stm32h7xx_hal_tim.o(i.HAL_TIM_ReadCapturedValue)
    HAL_UARTEx_RxFifoFullCallback            0x900025b3   Thumb Code     2  stm32h7xx_hal_uart_ex.o(i.HAL_UARTEx_RxFifoFullCallback)
    HAL_UARTEx_TxFifoEmptyCallback           0x900025b5   Thumb Code     2  stm32h7xx_hal_uart_ex.o(i.HAL_UARTEx_TxFifoEmptyCallback)
    HAL_UARTEx_WakeupCallback                0x900025b7   Thumb Code     2  stm32h7xx_hal_uart_ex.o(i.HAL_UARTEx_WakeupCallback)
    HAL_UART_DMAStop                         0x900025b9   Thumb Code   148  stm32h7xx_hal_uart.o(i.HAL_UART_DMAStop)
    HAL_UART_ErrorCallback                   0x9000264d   Thumb Code     2  stm32h7xx_hal_uart.o(i.HAL_UART_ErrorCallback)
    HAL_UART_GetState                        0x9000264f   Thumb Code    16  stm32h7xx_hal_uart.o(i.HAL_UART_GetState)
    HAL_UART_IRQHandler                      0x90002661   Thumb Code   512  stm32h7xx_hal_uart.o(i.HAL_UART_IRQHandler)
    HAL_UART_Init                            0x9000286d   Thumb Code   120  stm32h7xx_hal_uart.o(i.HAL_UART_Init)
    HAL_UART_Receive_IT                      0x900028e5   Thumb Code   300  stm32h7xx_hal_uart.o(i.HAL_UART_Receive_IT)
    HAL_UART_Transmit                        0x90002a21   Thumb Code   212  stm32h7xx_hal_uart.o(i.HAL_UART_Transmit)
    HAL_UART_TxCpltCallback                  0x90002af5   Thumb Code     2  stm32h7xx_hal_uart.o(i.HAL_UART_TxCpltCallback)
    KEY0_Init                                0x90002af9   Thumb Code    60  key.o(i.KEY0_Init)
    KEY1_Init                                0x90002b3d   Thumb Code    62  key.o(i.KEY1_Init)
    KEY_Scan                                 0x90002b85   Thumb Code    54  key.o(i.KEY_Scan)
    MPU_Memory_Protection                    0x90002c65   Thumb Code   186  mpu.o(i.MPU_Memory_Protection)
    MPU_Set_Protection                       0x90002d1f   Thumb Code    94  mpu.o(i.MPU_Set_Protection)
    MemManage_Handler                        0x90002d7d   Thumb Code    88  mpu.o(i.MemManage_Handler)
    SYN6288_Busy_Init                        0x90002e05   Thumb Code    62  syn6288.o(i.SYN6288_Busy_Init)
    SYN6288_Frame_Send                       0x90002e4d   Thumb Code   124  syn6288.o(i.SYN6288_Frame_Send)
    SYN6288_Say                              0x90002ecd   Thumb Code    62  syn6288.o(i.SYN6288_Say)
    SYN6288_State_Check                      0x90002f19   Thumb Code    14  syn6288.o(i.SYN6288_State_Check)
    TIM1_CC_IRQHandler                       0x90002f2d   Thumb Code     8  atim.o(i.TIM1_CC_IRQHandler)
    TIM1_PWMIN_INT_Service                   0x90002f35   Thumb Code   402  atim.o(i.TIM1_PWMIN_INT_Service)
    TIM1_UP_IRQHandler                       0x900030e1   Thumb Code     8  atim.o(i.TIM1_UP_IRQHandler)
    TIM6_DAC_IRQHandler                      0x900030e9   Thumb Code   136  btim.o(i.TIM6_DAC_IRQHandler)
    TIM_Base_SetConfig                       0x90003191   Thumb Code   170  stm32h7xx_hal_tim.o(i.TIM_Base_SetConfig)
    TIM_CCxChannelCmd                        0x9000325d   Thumb Code    34  stm32h7xx_hal_tim.o(i.TIM_CCxChannelCmd)
    TIM_OC2_SetConfig                        0x9000332d   Thumb Code   156  stm32h7xx_hal_tim.o(i.TIM_OC2_SetConfig)
    UART_AdvFeatureConfig                    0x900035d9   Thumb Code   248  stm32h7xx_hal_uart.o(i.UART_AdvFeatureConfig)
    UART_CheckIdleState                      0x900036d1   Thumb Code   116  stm32h7xx_hal_uart.o(i.UART_CheckIdleState)
    UART_SetConfig                           0x90003a0d   Thumb Code  5860  stm32h7xx_hal_uart.o(i.UART_SetConfig)
    UART_WaitOnFlagUntilTimeout              0x900050fd   Thumb Code   190  stm32h7xx_hal_uart.o(i.UART_WaitOnFlagUntilTimeout)
    _is_digit                                0x900051bb   Thumb Code    14  __printf_wp.o(i._is_digit)
    lcd_clear                                0x900051c9   Thumb Code    42  lcd.o(i.lcd_clear)
    lcd_display_dir                          0x900051fd   Thumb Code   298  lcd.o(i.lcd_display_dir)
    lcd_draw_point                           0x9000532d   Thumb Code    26  lcd.o(i.lcd_draw_point)
    lcd_ex_ili9341_reginit                   0x9000534d   Thumb Code   556  lcd.o(i.lcd_ex_ili9341_reginit)
    lcd_ex_nt35310_reginit                   0x90005579   Thumb Code  3826  lcd.o(i.lcd_ex_nt35310_reginit)
    lcd_ex_nt35510_reginit                   0x9000646b   Thumb Code  3836  lcd.o(i.lcd_ex_nt35510_reginit)
    lcd_ex_ssd1963_reginit                   0x90007367   Thumb Code   366  lcd.o(i.lcd_ex_ssd1963_reginit)
    lcd_ex_st7789_reginit                    0x900074d5   Thumb Code   424  lcd.o(i.lcd_ex_st7789_reginit)
    lcd_init                                 0x9000767d   Thumb Code  1060  lcd.o(i.lcd_init)
    lcd_scan_dir                             0x90007add   Thumb Code   556  lcd.o(i.lcd_scan_dir)
    lcd_set_cursor                           0x90007d0d   Thumb Code   282  lcd.o(i.lcd_set_cursor)
    lcd_show_char                            0x90007e2d   Thumb Code   294  lcd.o(i.lcd_show_char)
    lcd_show_num                             0x90007f6d   Thumb Code   152  lcd.o(i.lcd_show_num)
    lcd_show_string                          0x90008005   Thumb Code   106  lcd.o(i.lcd_show_string)
    lcd_ssd_backlight_set                    0x90008071   Thumb Code    72  lcd.o(i.lcd_ssd_backlight_set)
    lcd_wr_data                              0x900080c1   Thumb Code    18  lcd.o(i.lcd_wr_data)
    lcd_wr_regno                             0x900080d9   Thumb Code    18  lcd.o(i.lcd_wr_regno)
    lcd_write_ram_prepare                    0x900080f1   Thumb Code    10  lcd.o(i.lcd_write_ram_prepare)
    lcd_write_reg                            0x90008105   Thumb Code    10  lcd.o(i.lcd_write_reg)
    asc2_1206                                0x90008114   Data        1140  lcd.o(.constdata)
    asc2_1608                                0x90008588   Data        1520  lcd.o(.constdata)
    asc2_2412                                0x90008b78   Data        3420  lcd.o(.constdata)
    asc2_3216                                0x900098d4   Data       12160  lcd.o(.constdata)
    SYN6288_StopCom                          0x9000c854   Data           5  syn6288.o(.constdata)
    SYN6288_SuspendCom                       0x9000c859   Data           5  syn6288.o(.constdata)
    SYN6288_RecoverCom                       0x9000c85e   Data           5  syn6288.o(.constdata)
    SYN6288_ChackCom                         0x9000c863   Data           5  syn6288.o(.constdata)
    SYN6288_PowerDownCom                     0x9000c868   Data           5  syn6288.o(.constdata)
    SYN6288_BackMusic                        0x9000c86d   Data           1  syn6288.o(.constdata)
    SYN6288_Forground_Volume                 0x9000c86e   Data           6  syn6288.o(.constdata)
    SYN6288_Background_Volume                0x9000c874   Data           5  syn6288.o(.constdata)
    SYN6288_Speed_Volume                     0x9000c879   Data           5  syn6288.o(.constdata)



==============================================================================

Memory Map of the image

  Image Entry point : 0x08000299

  Load Region LR_m_stmflash (Base: 0x08000000, Size: 0x00006ba8, Max: 0x00020000, ABSOLUTE)

    Execution Region ER_m_stmflash (Exec base: 0x08000000, Load base: 0x08000000, Size: 0x00006a94, Max: 0x00020000, ABSOLUTE)

    Exec Addr    Load Addr    Size         Type   Attr      Idx    E Section Name        Object

    0x08000000   0x08000000   0x00000298   Data   RO            3    RESET               startup_stm32h750xx.o
    0x08000298   0x08000298   0x00000008   Code   RO         7294  * !!!main             c_w.l(__main.o)
    0x080002a0   0x080002a0   0x00000034   Code   RO         7496    !!!scatter          c_w.l(__scatter.o)
    0x080002d4   0x080002d4   0x0000001a   Code   RO         7498    !!handler_copy      c_w.l(__scatter_copy.o)
    0x080002ee   0x080002ee   0x00000002   PAD
    0x080002f0   0x080002f0   0x0000001c   Code   RO         7500    !!handler_zi        c_w.l(__scatter_zi.o)
    0x0800030c   0x0800030c   0x00000002   Code   RO         7374    .ARM.Collect$$libinit$$00000000  c_w.l(libinit.o)
    0x0800030e   0x0800030e   0x00000004   Code   RO         7385    .ARM.Collect$$libinit$$00000001  c_w.l(libinit2.o)
    0x08000312   0x08000312   0x00000000   Code   RO         7388    .ARM.Collect$$libinit$$00000004  c_w.l(libinit2.o)
    0x08000312   0x08000312   0x00000000   Code   RO         7391    .ARM.Collect$$libinit$$0000000A  c_w.l(libinit2.o)
    0x08000312   0x08000312   0x00000000   Code   RO         7393    .ARM.Collect$$libinit$$0000000C  c_w.l(libinit2.o)
    0x08000312   0x08000312   0x00000000   Code   RO         7395    .ARM.Collect$$libinit$$0000000E  c_w.l(libinit2.o)
    0x08000312   0x08000312   0x00000006   Code   RO         7396    .ARM.Collect$$libinit$$0000000F  c_w.l(libinit2.o)
    0x08000318   0x08000318   0x00000000   Code   RO         7398    .ARM.Collect$$libinit$$00000011  c_w.l(libinit2.o)
    0x08000318   0x08000318   0x0000000c   Code   RO         7399    .ARM.Collect$$libinit$$00000012  c_w.l(libinit2.o)
    0x08000324   0x08000324   0x00000000   Code   RO         7400    .ARM.Collect$$libinit$$00000013  c_w.l(libinit2.o)
    0x08000324   0x08000324   0x00000000   Code   RO         7402    .ARM.Collect$$libinit$$00000015  c_w.l(libinit2.o)
    0x08000324   0x08000324   0x00000000   Code   RO         7404    .ARM.Collect$$libinit$$00000017  c_w.l(libinit2.o)
    0x08000324   0x08000324   0x00000000   Code   RO         7406    .ARM.Collect$$libinit$$00000019  c_w.l(libinit2.o)
    0x08000324   0x08000324   0x00000000   Code   RO         7408    .ARM.Collect$$libinit$$0000001B  c_w.l(libinit2.o)
    0x08000324   0x08000324   0x00000000   Code   RO         7410    .ARM.Collect$$libinit$$0000001D  c_w.l(libinit2.o)
    0x08000324   0x08000324   0x00000000   Code   RO         7412    .ARM.Collect$$libinit$$0000001F  c_w.l(libinit2.o)
    0x08000324   0x08000324   0x00000000   Code   RO         7414    .ARM.Collect$$libinit$$00000021  c_w.l(libinit2.o)
    0x08000324   0x08000324   0x00000000   Code   RO         7416    .ARM.Collect$$libinit$$00000023  c_w.l(libinit2.o)
    0x08000324   0x08000324   0x00000000   Code   RO         7418    .ARM.Collect$$libinit$$00000025  c_w.l(libinit2.o)
    0x08000324   0x08000324   0x00000000   Code   RO         7422    .ARM.Collect$$libinit$$0000002C  c_w.l(libinit2.o)
    0x08000324   0x08000324   0x00000000   Code   RO         7424    .ARM.Collect$$libinit$$0000002E  c_w.l(libinit2.o)
    0x08000324   0x08000324   0x00000000   Code   RO         7426    .ARM.Collect$$libinit$$00000030  c_w.l(libinit2.o)
    0x08000324   0x08000324   0x00000000   Code   RO         7428    .ARM.Collect$$libinit$$00000032  c_w.l(libinit2.o)
    0x08000324   0x08000324   0x00000002   Code   RO         7429    .ARM.Collect$$libinit$$00000033  c_w.l(libinit2.o)
    0x08000326   0x08000326   0x00000002   Code   RO         7453    .ARM.Collect$$libshutdown$$00000000  c_w.l(libshutdown.o)
    0x08000328   0x08000328   0x00000000   Code   RO         7477    .ARM.Collect$$libshutdown$$00000002  c_w.l(libshutdown2.o)
    0x08000328   0x08000328   0x00000000   Code   RO         7479    .ARM.Collect$$libshutdown$$00000004  c_w.l(libshutdown2.o)
    0x08000328   0x08000328   0x00000000   Code   RO         7481    .ARM.Collect$$libshutdown$$00000006  c_w.l(libshutdown2.o)
    0x08000328   0x08000328   0x00000000   Code   RO         7484    .ARM.Collect$$libshutdown$$00000009  c_w.l(libshutdown2.o)
    0x08000328   0x08000328   0x00000000   Code   RO         7487    .ARM.Collect$$libshutdown$$0000000C  c_w.l(libshutdown2.o)
    0x08000328   0x08000328   0x00000000   Code   RO         7489    .ARM.Collect$$libshutdown$$0000000E  c_w.l(libshutdown2.o)
    0x08000328   0x08000328   0x00000000   Code   RO         7492    .ARM.Collect$$libshutdown$$00000011  c_w.l(libshutdown2.o)
    0x08000328   0x08000328   0x00000002   Code   RO         7493    .ARM.Collect$$libshutdown$$00000012  c_w.l(libshutdown2.o)
    0x0800032a   0x0800032a   0x00000000   Code   RO         7298    .ARM.Collect$$rtentry$$00000000  c_w.l(__rtentry.o)
    0x0800032a   0x0800032a   0x00000000   Code   RO         7325    .ARM.Collect$$rtentry$$00000002  c_w.l(__rtentry2.o)
    0x0800032a   0x0800032a   0x00000006   Code   RO         7337    .ARM.Collect$$rtentry$$00000004  c_w.l(__rtentry4.o)
    0x08000330   0x08000330   0x00000000   Code   RO         7327    .ARM.Collect$$rtentry$$00000009  c_w.l(__rtentry2.o)
    0x08000330   0x08000330   0x00000004   Code   RO         7328    .ARM.Collect$$rtentry$$0000000A  c_w.l(__rtentry2.o)
    0x08000334   0x08000334   0x00000000   Code   RO         7330    .ARM.Collect$$rtentry$$0000000C  c_w.l(__rtentry2.o)
    0x08000334   0x08000334   0x00000008   Code   RO         7331    .ARM.Collect$$rtentry$$0000000D  c_w.l(__rtentry2.o)
    0x0800033c   0x0800033c   0x00000002   Code   RO         7375    .ARM.Collect$$rtexit$$00000000  c_w.l(rtexit.o)
    0x0800033e   0x0800033e   0x00000000   Code   RO         7431    .ARM.Collect$$rtexit$$00000002  c_w.l(rtexit2.o)
    0x0800033e   0x0800033e   0x00000004   Code   RO         7432    .ARM.Collect$$rtexit$$00000003  c_w.l(rtexit2.o)
    0x08000342   0x08000342   0x00000006   Code   RO         7433    .ARM.Collect$$rtexit$$00000004  c_w.l(rtexit2.o)
    0x08000348   0x08000348   0x00000040   Code   RO            4    .text               startup_stm32h750xx.o
    0x08000388   0x08000388   0x00000002   Code   RO         7240    .text               c_w.l(use_no_semi_2.o)
    0x0800038a   0x0800038a   0x000000ee   Code   RO         7242    .text               c_w.l(lludivv7m.o)
    0x08000478   0x08000478   0x00000006   Code   RO         7292    .text               c_w.l(heapauxi.o)
    0x0800047e   0x0800047e   0x00000002   Code   RO         7296    .text               c_w.l(use_no_semi.o)
    0x08000480   0x08000480   0x00000008   Code   RO         7321    .text               c_w.l(libspace.o)
    0x08000488   0x08000488   0x0000004a   Code   RO         7351    .text               c_w.l(sys_stackheap_outer.o)
    0x080004d2   0x080004d2   0x00000002   PAD
    0x080004d4   0x080004d4   0x00000008   Code   RO         7356    .text               c_w.l(rt_locale_intlibspace.o)
    0x080004dc   0x080004dc   0x00000012   Code   RO         7363    .text               c_w.l(exit.o)
    0x080004ee   0x080004ee   0x0000000a   Ven    RO         7502    Veneer$$Code        anon$$obj.o
    0x080004f8   0x080004f8   0x0000000a   Ven    RO         7503    Veneer$$Code        anon$$obj.o
    0x08000502   0x08000502   0x0000000a   Ven    RO         7504    Veneer$$Code        anon$$obj.o
    0x0800050c   0x0800050c   0x0000000a   Ven    RO         7505    Veneer$$Code        anon$$obj.o
    0x08000516   0x08000516   0x0000000a   Ven    RO         7506    Veneer$$Code        anon$$obj.o
    0x08000520   0x08000520   0x0000000a   Ven    RO         7507    Veneer$$Code        anon$$obj.o
    0x0800052a   0x0800052a   0x0000000a   Ven    RO         7508    Veneer$$Code        anon$$obj.o
    0x08000534   0x08000534   0x0000000a   Ven    RO         7509    Veneer$$Code        anon$$obj.o
    0x0800053e   0x0800053e   0x0000000a   Ven    RO         7510    Veneer$$Code        anon$$obj.o
    0x08000548   0x08000548   0x0000000a   Ven    RO         7511    Veneer$$Code        anon$$obj.o
    0x08000552   0x08000552   0x0000000a   Ven    RO         7512    Veneer$$Code        anon$$obj.o
    0x0800055c   0x0800055c   0x0000000a   Ven    RO         7513    Veneer$$Code        anon$$obj.o
    0x08000566   0x08000566   0x0000000a   Ven    RO         7514    Veneer$$Code        anon$$obj.o
    0x08000570   0x08000570   0x0000000a   Ven    RO         7515    Veneer$$Code        anon$$obj.o
    0x0800057a   0x0800057a   0x0000000a   Ven    RO         7516    Veneer$$Code        anon$$obj.o
    0x08000584   0x08000584   0x0000000a   Ven    RO         7517    Veneer$$Code        anon$$obj.o
    0x0800058e   0x0800058e   0x0000000a   Ven    RO         7518    Veneer$$Code        anon$$obj.o
    0x08000598   0x08000598   0x0000000a   Ven    RO         7519    Veneer$$Code        anon$$obj.o
    0x080005a2   0x080005a2   0x0000000a   Ven    RO         7520    Veneer$$Code        anon$$obj.o
    0x080005ac   0x080005ac   0x0000000a   Ven    RO         7521    Veneer$$Code        anon$$obj.o
    0x080005b6   0x080005b6   0x0000000a   Ven    RO         7522    Veneer$$Code        anon$$obj.o
    0x080005c0   0x080005c0   0x0000000a   Ven    RO         7523    Veneer$$Code        anon$$obj.o
    0x080005ca   0x080005ca   0x0000000a   Ven    RO         7524    Veneer$$Code        anon$$obj.o
    0x080005d4   0x080005d4   0x0000000a   Ven    RO         7525    Veneer$$Code        anon$$obj.o
    0x080005de   0x080005de   0x0000000a   Ven    RO         7526    Veneer$$Code        anon$$obj.o
    0x080005e8   0x080005e8   0x0000000a   Ven    RO         7527    Veneer$$Code        anon$$obj.o
    0x080005f2   0x080005f2   0x0000000a   Ven    RO         7528    Veneer$$Code        anon$$obj.o
    0x080005fc   0x080005fc   0x0000000a   Ven    RO         7529    Veneer$$Code        anon$$obj.o
    0x08000606   0x08000606   0x0000000a   Ven    RO         7530    Veneer$$Code        anon$$obj.o
    0x08000610   0x08000610   0x0000000a   Ven    RO         7531    Veneer$$Code        anon$$obj.o
    0x0800061a   0x0800061a   0x0000000a   Ven    RO         7532    Veneer$$Code        anon$$obj.o
    0x08000624   0x08000624   0x00000004   Code   RO          449    i.BusFault_Handler  stm32h7xx_it.o
    0x08000628   0x08000628   0x000001c8   Code   RO           13    i.Custom_Init       main.o
    0x080007f0   0x080007f0   0x0000012c   Code   RO           14    i.Custom_Loop       main.o
    0x0800091c   0x0800091c   0x000000fc   Code   RO         5433    i.DMA2_Stream4_IRQHandler  usart.o
    0x08000a18   0x08000a18   0x000000fc   Code   RO         5434    i.DMA2_Stream5_IRQHandler  usart.o
    0x08000b14   0x08000b14   0x000001e4   Code   RO         5435    i.DMA2_Stream6_IRQHandler  usart.o
    0x08000cf8   0x08000cf8   0x00000104   Code   RO         5436    i.DMA2_Stream7_IRQHandler  usart.o
    0x08000dfc   0x08000dfc   0x000000ec   Code   RO         1459    i.DMA_CalcBaseAndBitshift  stm32h7xx_hal_dma.o
    0x08000ee8   0x08000ee8   0x000000c4   Code   RO         1460    i.DMA_CalcDMAMUXChannelBaseAndMask  stm32h7xx_hal_dma.o
    0x08000fac   0x08000fac   0x00000098   Code   RO         1461    i.DMA_CalcDMAMUXRequestGenBaseAndMask  stm32h7xx_hal_dma.o
    0x08001044   0x08001044   0x000000ae   Code   RO         1462    i.DMA_CheckFifoParam  stm32h7xx_hal_dma.o
    0x080010f2   0x080010f2   0x00000002   PAD
    0x080010f4   0x080010f4   0x00000274   Code   RO         1463    i.DMA_SetConfig     stm32h7xx_hal_dma.o
    0x08001368   0x08001368   0x00000002   Code   RO          450    i.DebugMon_Handler  stm32h7xx_it.o
    0x0800136a   0x0800136a   0x00000002   PAD
    0x0800136c   0x0800136c   0x000004dc   Code   RO         1464    i.HAL_DMA_Abort     stm32h7xx_hal_dma.o
    0x08001848   0x08001848   0x00000398   Code   RO         1465    i.HAL_DMA_Abort_IT  stm32h7xx_hal_dma.o
    0x08001be0   0x08001be0   0x00000006   Code   RO         1467    i.HAL_DMA_GetError  stm32h7xx_hal_dma.o
    0x08001be6   0x08001be6   0x00000002   PAD
    0x08001be8   0x08001be8   0x000004c8   Code   RO         1470    i.HAL_DMA_Init      stm32h7xx_hal_dma.o
    0x080020b0   0x080020b0   0x000003e0   Code   RO         1474    i.HAL_DMA_Start_IT  stm32h7xx_hal_dma.o
    0x08002490   0x08002490   0x0000000c   Code   RO          844    i.HAL_Delay         delay.o
    0x0800249c   0x0800249c   0x00000014   Code   RO          993    i.HAL_EnableCompensationCell  stm32h7xx_hal.o
    0x080024b0   0x080024b0   0x00000208   Code   RO         1578    i.HAL_GPIO_Init     stm32h7xx_hal_gpio.o
    0x080026b8   0x080026b8   0x00000010   Code   RO         1580    i.HAL_GPIO_ReadPin  stm32h7xx_hal_gpio.o
    0x080026c8   0x080026c8   0x0000000c   Code   RO         1582    i.HAL_GPIO_WritePin  stm32h7xx_hal_gpio.o
    0x080026d4   0x080026d4   0x0000000c   Code   RO          999    i.HAL_GetREVID      stm32h7xx_hal.o
    0x080026e0   0x080026e0   0x0000000c   Code   RO         1000    i.HAL_GetTick       stm32h7xx_hal.o
    0x080026ec   0x080026ec   0x00000018   Code   RO         1006    i.HAL_IncTick       stm32h7xx_hal.o
    0x08002704   0x08002704   0x00000060   Code   RO         1007    i.HAL_Init          stm32h7xx_hal.o
    0x08002764   0x08002764   0x00000058   Code   RO         1008    i.HAL_InitTick      stm32h7xx_hal.o
    0x080027bc   0x080027bc   0x0000005c   Code   RO         1314    i.HAL_MPU_ConfigRegion  stm32h7xx_hal_cortex.o
    0x08002818   0x08002818   0x0000002c   Code   RO         1315    i.HAL_MPU_Disable   stm32h7xx_hal_cortex.o
    0x08002844   0x08002844   0x00000040   Code   RO         1316    i.HAL_MPU_Enable    stm32h7xx_hal_cortex.o
    0x08002884   0x08002884   0x00000002   Code   RO         1010    i.HAL_MspInit       stm32h7xx_hal.o
    0x08002886   0x08002886   0x00000020   Code   RO         1319    i.HAL_NVIC_EnableIRQ  stm32h7xx_hal_cortex.o
    0x080028a6   0x080028a6   0x0000007a   Code   RO         1325    i.HAL_NVIC_SetPriority  stm32h7xx_hal_cortex.o
    0x08002920   0x08002920   0x00000028   Code   RO         1326    i.HAL_NVIC_SetPriorityGrouping  stm32h7xx_hal_cortex.o
    0x08002948   0x08002948   0x00000014   Code   RO         1783    i.HAL_PWREx_EnableUSBVoltageDetector  stm32h7xx_hal_pwr_ex.o
    0x0800295c   0x0800295c   0x00000030   Code   RO         2133    i.HAL_RCCEx_GetD1SysClockFreq  stm32h7xx_hal_rcc_ex.o
    0x0800298c   0x0800298c   0x00000024   Code   RO         2134    i.HAL_RCCEx_GetD3PCLK1Freq  stm32h7xx_hal_rcc_ex.o
    0x080029b0   0x080029b0   0x00000230   Code   RO         2135    i.HAL_RCCEx_GetPLL1ClockFreq  stm32h7xx_hal_rcc_ex.o
    0x08002be0   0x08002be0   0x00000230   Code   RO         2136    i.HAL_RCCEx_GetPLL2ClockFreq  stm32h7xx_hal_rcc_ex.o
    0x08002e10   0x08002e10   0x00000230   Code   RO         2137    i.HAL_RCCEx_GetPLL3ClockFreq  stm32h7xx_hal_rcc_ex.o
    0x08003040   0x08003040   0x00000394   Code   RO         2139    i.HAL_RCCEx_GetPeriphCLKFreq  stm32h7xx_hal_rcc_ex.o
    0x080033d4   0x080033d4   0x00000b20   Code   RO         2141    i.HAL_RCCEx_PeriphCLKConfig  stm32h7xx_hal_rcc_ex.o
    0x08003ef4   0x08003ef4   0x00000300   Code   RO         2020    i.HAL_RCC_ClockConfig  stm32h7xx_hal_rcc.o
    0x080041f4   0x080041f4   0x00000030   Code   RO         2025    i.HAL_RCC_GetHCLKFreq  stm32h7xx_hal_rcc.o
    0x08004224   0x08004224   0x00000024   Code   RO         2027    i.HAL_RCC_GetPCLK1Freq  stm32h7xx_hal_rcc.o
    0x08004248   0x08004248   0x00000024   Code   RO         2028    i.HAL_RCC_GetPCLK2Freq  stm32h7xx_hal_rcc.o
    0x0800426c   0x0800426c   0x0000022c   Code   RO         2029    i.HAL_RCC_GetSysClockFreq  stm32h7xx_hal_rcc.o
    0x08004498   0x08004498   0x00000780   Code   RO         2032    i.HAL_RCC_OscConfig  stm32h7xx_hal_rcc.o
    0x08004c18   0x08004c18   0x00000034   Code   RO         1330    i.HAL_SYSTICK_Config  stm32h7xx_hal_cortex.o
    0x08004c4c   0x08004c4c   0x000000c0   Code   RO         5437    i.HAL_UART_MspInit  usart.o
    0x08004d0c   0x08004d0c   0x000001c8   Code   RO         5438    i.HAL_UART_RxCpltCallback  usart.o
    0x08004ed4   0x08004ed4   0x00000004   Code   RO          451    i.HardFault_Handler  stm32h7xx_it.o
    0x08004ed8   0x08004ed8   0x00000124   Code   RO           15    i.Key_CallBack      main.o
    0x08004ffc   0x08004ffc   0x00000050   Code   RO           16    i.Key_Scan          main.o
    0x0800504c   0x0800504c   0x00000002   Code   RO          452    i.NMI_Handler       stm32h7xx_it.o
    0x0800504e   0x0800504e   0x00000002   PAD
    0x08005050   0x08005050   0x00000144   Code   RO           17    i.PCM_Download      main.o
    0x08005194   0x08005194   0x0000010c   Code   RO           19    i.PCM_Play_SYN      main.o
    0x080052a0   0x080052a0   0x000001a8   Code   RO           20    i.PCM_Upload        main.o
    0x08005448   0x08005448   0x00000002   Code   RO          453    i.PendSV_Handler    stm32h7xx_it.o
    0x0800544a   0x0800544a   0x00000002   PAD
    0x0800544c   0x0800544c   0x00000164   Code   RO         2144    i.RCCEx_PLL2_Config  stm32h7xx_hal_rcc_ex.o
    0x080055b0   0x080055b0   0x00000164   Code   RO         2145    i.RCCEx_PLL3_Config  stm32h7xx_hal_rcc_ex.o
    0x08005714   0x08005714   0x0000009c   Code   RO          894    i.SCB_EnableDCache  sys.o
    0x080057b0   0x080057b0   0x0000007c   Code   RO          895    i.SCB_EnableICache  sys.o
    0x0800582c   0x0800582c   0x00000002   Code   RO          454    i.SVC_Handler       stm32h7xx_it.o
    0x0800582e   0x0800582e   0x00000008   Code   RO          455    i.SysTick_Handler   stm32h7xx_it.o
    0x08005836   0x08005836   0x00000002   PAD
    0x08005838   0x08005838   0x000000a8   Code   RO          808    i.SystemInit        system_stm32h7xx.o
    0x080058e0   0x080058e0   0x00000234   Code   RO         5439    i.USART1_DMA_Receive_Init  usart.o
    0x08005b14   0x08005b14   0x00000238   Code   RO         5441    i.USART1_DMA_Transmit_Init  usart.o
    0x08005d4c   0x08005d4c   0x00000060   Code   RO         5443    i.USART1_IRQHandler  usart.o
    0x08005dac   0x08005dac   0x00000038   Code   RO         5444    i.USART1_Init       usart.o
    0x08005de4   0x08005de4   0x00000234   Code   RO         5446    i.USART2_DMA_Receive_Init  usart.o
    0x08006018   0x08006018   0x00000238   Code   RO         5448    i.USART2_DMA_Transmit_Init  usart.o
    0x08006250   0x08006250   0x00000054   Code   RO         5450    i.USART2_IRQHandler  usart.o
    0x080062a4   0x080062a4   0x000000e4   Code   RO         5451    i.USART2_Init       usart.o
    0x08006388   0x08006388   0x00000054   Code   RO         5456    i.USART6_IRQHandler  usart.o
    0x080063dc   0x080063dc   0x000000e8   Code   RO         5457    i.USART6_Init       usart.o
    0x080064c4   0x080064c4   0x00000004   Code   RO          456    i.UsageFault_Handler  stm32h7xx_it.o
    0x080064c8   0x080064c8   0x00000010   Code   RO         1332    i.__NVIC_GetPriorityGrouping  stm32h7xx_hal_cortex.o
    0x080064d8   0x080064d8   0x00000028   Code   RO         1333    i.__NVIC_SetPriority  stm32h7xx_hal_cortex.o
    0x08006500   0x08006500   0x00000004   Code   RO         5459    i._sys_exit         usart.o
    0x08006504   0x08006504   0x0000000c   Code   RO          845    i.delay_init        delay.o
    0x08006510   0x08006510   0x00000012   Code   RO          846    i.delay_ms          delay.o
    0x08006522   0x08006522   0x00000002   PAD
    0x08006524   0x08006524   0x00000048   Code   RO          847    i.delay_us          delay.o
    0x0800656c   0x0800656c   0x0000001c   Code   RO         5461    i.fputc             usart.o
    0x08006588   0x08006588   0x00000028   Code   RO           22    i.main              main.o
    0x080065b0   0x080065b0   0x0000001c   Code   RO          896    i.sys_cache_enable  sys.o
    0x080065cc   0x080065cc   0x00000004   Code   RO          897    i.sys_intx_disable  sys.o
    0x080065d0   0x080065d0   0x00000004   Code   RO          898    i.sys_intx_enable   sys.o
    0x080065d4   0x080065d4   0x000001d8   Code   RO          901    i.sys_qspi_enable_memmapmode  sys.o
    0x080067ac   0x080067ac   0x00000168   Code   RO          902    i.sys_stm32_clock_init  sys.o
    0x08006914   0x08006914   0x0000002c   Code   RO         7361    locale$$code        c_w.l(lc_ctype_c.o)
    0x08006940   0x08006940   0x0000000a   Code   RO         7443    x$fpl$fpinit        fz_wv.l(fpinit.o)
    0x0800694a   0x0800694a   0x00000010   Data   RO          809    .constdata          system_stm32h7xx.o
    0x0800695a   0x0800695a   0x00000008   Data   RO         1476    .constdata          stm32h7xx_hal_dma.o
    0x08006962   0x08006962   0x00000002   PAD
    0x08006964   0x08006964   0x00000020   Data   RO         7494    Region$$Table       anon$$obj.o
    0x08006984   0x08006984   0x00000110   Data   RO         7360    locale$$data        c_w.l(lc_ctype_c.o)


    Execution Region RW_m_stmsram (Exec base: 0x24000000, Load base: 0x08006a94, Size: 0x00053720, Max: 0x00080000, ABSOLUTE)

    Exec Addr    Load Addr    Size         Type   Attr      Idx    E Section Name        Object

    0x24000000   0x08006a94   0x0000002d   Data   RW           24    .data               main.o
    0x2400002d   0x08006ac1   0x00000003   PAD
    0x24000030   0x08006ac4   0x00000008   Data   RW          810    .data               system_stm32h7xx.o
    0x24000038   0x08006acc   0x00000004   Data   RW          848    .data               delay.o
    0x2400003c   0x08006ad0   0x00000009   Data   RW         1029    .data               stm32h7xx_hal.o
    0x24000045   0x08006ad9   0x00000003   PAD
    0x24000048   0x08006adc   0x000000a1   Data   RW         5463    .data               usart.o
    0x240000e9   0x08006b7d   0x00000003   PAD
    0x240000ec   0x08006b80   0x00000008   Data   RW         5674    .data               lcd.o
    0x240000f4   0x08006b88   0x00000001   Data   RW         5944    .data               adc.o
    0x240000f5   0x08006b89   0x00000003   PAD
    0x240000f8   0x08006b8c   0x0000000b   Data   RW         6231    .data               btim.o
    0x24000103   0x08006b97   0x00000001   PAD
    0x24000104   0x08006b98   0x0000000d   Data   RW         6616    .data               atim.o
    0x24000111   0x08006ba5   0x00000003   PAD
    0x24000114        -       0x0004f1a0   Zero   RW           23    .bss                main.o
    0x2404f2b4        -       0x00003814   Zero   RW         5462    .bss                usart.o
    0x24052ac8        -       0x0000005a   Zero   RW         5672    .bss                lcd.o
    0x24052b22   0x08006ba5   0x00000002   PAD
    0x24052b24        -       0x000000dc   Zero   RW         5943    .bss                adc.o
    0x24052c00        -       0x00000040   Zero   RW         6230    .bss                btim.o
    0x24052c40        -       0x0000006c   Zero   RW         6615    .bss                atim.o
    0x24052cac        -       0x00000014   Zero   RW         6992    .bss                dac.o
    0x24052cc0        -       0x00000060   Zero   RW         7322    .bss                c_w.l(libspace.o)
    0x24052d20        -       0x00000200   Zero   RW            2    HEAP                startup_stm32h750xx.o
    0x24052f20        -       0x00000800   Zero   RW            1    STACK               startup_stm32h750xx.o



  Load Region LR_m_qspiflash (Base: 0x90000000, Size: 0x0000c880, Max: 0x00800000, ABSOLUTE)

    Execution Region ER_m_qspiflash (Exec base: 0x90000000, Load base: 0x90000000, Size: 0x0000c880, Max: 0x00800000, ABSOLUTE)

    Exec Addr    Load Addr    Size         Type   Attr      Idx    E Section Name        Object

    0x90000000   0x90000000   0x00000000   Code   RO         7277    .ARM.Collect$$_printf_percent$$00000000  c_w.l(_printf_percent.o)
    0x90000000   0x90000000   0x00000006   Code   RO         7276    .ARM.Collect$$_printf_percent$$00000009  c_w.l(_printf_d.o)
    0x90000006   0x90000006   0x00000004   Code   RO         7316    .ARM.Collect$$_printf_percent$$00000017  c_w.l(_printf_percent_end.o)
    0x9000000a   0x9000000a   0x00000002   PAD
    0x9000000c   0x9000000c   0x00000018   Code   RO         7248    .text               c_w.l(noretval__2printf.o)
    0x90000024   0x90000024   0x00000028   Code   RO         7250    .text               c_w.l(noretval__2sprintf.o)
    0x9000004c   0x9000004c   0x00000078   Code   RO         7254    .text               c_w.l(_printf_dec.o)
    0x900000c4   0x900000c4   0x0000010e   Code   RO         7264    .text               c_w.l(__printf_wp.o)
    0x900001d2   0x900001d2   0x0000001a   Code   RO         7278    .text               c_w.l(atoi.o)
    0x900001ec   0x900001ec   0x00000024   Code   RO         7280    .text               c_w.l(strstr.o)
    0x90000210   0x90000210   0x0000003e   Code   RO         7282    .text               c_w.l(strlen.o)
    0x9000024e   0x9000024e   0x00000018   Code   RO         7284    .text               c_w.l(strcat.o)
    0x90000266   0x90000266   0x0000008a   Code   RO         7286    .text               c_w.l(rt_memcpy_v6.o)
    0x900002f0   0x900002f0   0x00000044   Code   RO         7288    .text               c_w.l(rt_memclr.o)
    0x90000334   0x90000334   0x0000004e   Code   RO         7290    .text               c_w.l(rt_memclr_w.o)
    0x90000382   0x90000382   0x00000002   PAD
    0x90000384   0x90000384   0x00000008   Code   RO         7306    .text               c_w.l(rt_errno_addr_intlibspace.o)
    0x9000038c   0x9000038c   0x000000b2   Code   RO         7308    .text               c_w.l(_printf_intcommon.o)
    0x9000043e   0x9000043e   0x00000002   PAD
    0x90000440   0x90000440   0x00000030   Code   RO         7310    .text               c_w.l(_printf_char_common.o)
    0x90000470   0x90000470   0x0000000a   Code   RO         7312    .text               c_w.l(_sputc.o)
    0x9000047a   0x9000047a   0x00000002   PAD
    0x9000047c   0x9000047c   0x00000024   Code   RO         7314    .text               c_w.l(_printf_char_file.o)
    0x900004a0   0x900004a0   0x00000070   Code   RO         7317    .text               c_w.l(strtol.o)
    0x90000510   0x90000510   0x00000064   Code   RO         7319    .text               c_w.l(rt_memcpy_w.o)
    0x90000574   0x90000574   0x00000010   Code   RO         7339    .text               c_w.l(rt_ctype_table.o)
    0x90000584   0x90000584   0x0000009e   Code   RO         7345    .text               c_w.l(_strtoul.o)
    0x90000622   0x90000622   0x00000008   Code   RO         7347    .text               c_w.l(ferror.o)
    0x9000062a   0x9000062a   0x0000001c   Code   RO         7358    .text               c_w.l(_chval.o)
    0x90000646   0x90000646   0x00000002   PAD
    0x90000648   0x90000648   0x00000068   Code   RO         7383    .text               c_w.l(strcmpv7m_pel.o)
    0x900006b0   0x900006b0   0x0000000a   Ven    RO         7533    Veneer$$Code        anon$$obj.o
    0x900006ba   0x900006ba   0x0000000a   Ven    RO         7534    Veneer$$Code        anon$$obj.o
    0x900006c4   0x900006c4   0x0000000a   Ven    RO         7535    Veneer$$Code        anon$$obj.o
    0x900006ce   0x900006ce   0x0000000a   Ven    RO         7536    Veneer$$Code        anon$$obj.o
    0x900006d8   0x900006d8   0x0000000a   Ven    RO         7537    Veneer$$Code        anon$$obj.o
    0x900006e2   0x900006e2   0x0000000a   Ven    RO         7538    Veneer$$Code        anon$$obj.o
    0x900006ec   0x900006ec   0x0000000a   Ven    RO         7539    Veneer$$Code        anon$$obj.o
    0x900006f6   0x900006f6   0x0000000a   Ven    RO         7540    Veneer$$Code        anon$$obj.o
    0x90000700   0x90000700   0x0000000a   Ven    RO         7541    Veneer$$Code        anon$$obj.o
    0x9000070a   0x9000070a   0x0000000a   Ven    RO         7542    Veneer$$Code        anon$$obj.o
    0x90000714   0x90000714   0x0000000a   Ven    RO         7543    Veneer$$Code        anon$$obj.o
    0x9000071e   0x9000071e   0x0000000a   Ven    RO         7544    Veneer$$Code        anon$$obj.o
    0x90000728   0x90000728   0x0000000a   Ven    RO         7545    Veneer$$Code        anon$$obj.o
    0x90000732   0x90000732   0x0000000a   Ven    RO         7546    Veneer$$Code        anon$$obj.o
    0x9000073c   0x9000073c   0x0000000a   Ven    RO         7547    Veneer$$Code        anon$$obj.o
    0x90000746   0x90000746   0x0000000a   Ven    RO         7548    Veneer$$Code        anon$$obj.o
    0x90000750   0x90000750   0x0000000a   Ven    RO         7549    Veneer$$Code        anon$$obj.o
    0x9000075a   0x9000075a   0x0000000a   Ven    RO         7550    Veneer$$Code        anon$$obj.o
    0x90000764   0x90000764   0x0000000a   Ven    RO         7551    Veneer$$Code        anon$$obj.o
    0x9000076e   0x9000076e   0x0000000a   Ven    RO         7552    Veneer$$Code        anon$$obj.o
    0x90000778   0x90000778   0x0000000a   Ven    RO         7553    Veneer$$Code        anon$$obj.o
    0x90000782   0x90000782   0x0000000a   Ven    RO         7554    Veneer$$Code        anon$$obj.o
    0x9000078c   0x9000078c   0x0000000a   Ven    RO         7555    Veneer$$Code        anon$$obj.o
    0x90000796   0x90000796   0x0000000a   Ven    RO         7556    Veneer$$Code        anon$$obj.o
    0x900007a0   0x900007a0   0x0000000a   Ven    RO         7557    Veneer$$Code        anon$$obj.o
    0x900007aa   0x900007aa   0x0000000a   Ven    RO         7558    Veneer$$Code        anon$$obj.o
    0x900007b4   0x900007b4   0x0000000a   Ven    RO         7559    Veneer$$Code        anon$$obj.o
    0x900007be   0x900007be   0x0000000a   Ven    RO         7560    Veneer$$Code        anon$$obj.o
    0x900007c8   0x900007c8   0x0000000a   Ven    RO         7561    Veneer$$Code        anon$$obj.o
    0x900007d2   0x900007d2   0x0000000a   Ven    RO         7562    Veneer$$Code        anon$$obj.o
    0x900007dc   0x900007dc   0x0000000a   Ven    RO         7563    Veneer$$Code        anon$$obj.o
    0x900007e6   0x900007e6   0x00000002   PAD
    0x900007e8   0x900007e8   0x00000198   Code   RO         5941    i.ADC1_Channel19_TimTri_Init  adc.o
    0x90000980   0x90000980   0x00000160   Code   RO         4566    i.ADC_ConfigureBoostMode  stm32h7xx_hal_adc.o
    0x90000ae0   0x90000ae0   0x00000114   Code   RO         4567    i.ADC_ConversionStop  stm32h7xx_hal_adc.o
    0x90000bf4   0x90000bf4   0x00000092   Code   RO         4568    i.ADC_DMAConvCplt   stm32h7xx_hal_adc.o
    0x90000c86   0x90000c86   0x0000001e   Code   RO         4569    i.ADC_DMAError      stm32h7xx_hal_adc.o
    0x90000ca4   0x90000ca4   0x0000000e   Code   RO         4570    i.ADC_DMAHalfConvCplt  stm32h7xx_hal_adc.o
    0x90000cb2   0x90000cb2   0x00000002   PAD
    0x90000cb4   0x90000cb4   0x00000088   Code   RO         4571    i.ADC_Disable       stm32h7xx_hal_adc.o
    0x90000d3c   0x90000d3c   0x000000c0   Code   RO         4572    i.ADC_Enable        stm32h7xx_hal_adc.o
    0x90000dfc   0x90000dfc   0x000000c4   Code   RO         6604    i.ATIM1_OC_Channel1_Init  atim.o
    0x90000ec0   0x90000ec0   0x00000070   Code   RO         6609    i.ATIM1_PWMIN_Channel1_Restart  atim.o
    0x90000f30   0x90000f30   0x00000024   Code   RO         6226    i.BTIM6_Init        btim.o
    0x90000f54   0x90000f54   0x000000b8   Code   RO         6987    i.DAC12_Init        dac.o
    0x9000100c   0x9000100c   0x0000010c   Code   RO         5942    i.DMA1_Stream7_IRQHandler  adc.o
    0x90001118   0x90001118   0x00000046   Code   RO         7104    i.Data_find         esp01s.o
    0x9000115e   0x9000115e   0x00000002   PAD
    0x90001160   0x90001160   0x00000080   Code   RO         7105    i.ESP01S_Command    esp01s.o
    0x900011e0   0x900011e0   0x0000012c   Code   RO         7106    i.ESP01S_Init       esp01s.o
    0x9000130c   0x9000130c   0x00000064   Code   RO         7107    i.ESP01S_Reset      esp01s.o
    0x90001370   0x90001370   0x000000b8   Code   RO         7108    i.ESP01S_Transmit   esp01s.o
    0x90001428   0x90001428   0x00000044   Code   RO         4282    i.FMC_NORSRAM_Extended_Timing_Init  stm32h7xx_ll_fmc.o
    0x9000146c   0x9000146c   0x00000098   Code   RO         4283    i.FMC_NORSRAM_Init  stm32h7xx_ll_fmc.o
    0x90001504   0x90001504   0x00000066   Code   RO         4284    i.FMC_NORSRAM_Timing_Init  stm32h7xx_ll_fmc.o
    0x9000156a   0x9000156a   0x00000002   PAD
    0x9000156c   0x9000156c   0x000000b8   Code   RO         4828    i.HAL_ADCEx_Calibration_Start  stm32h7xx_hal_adc_ex.o
    0x90001624   0x90001624   0x0000053c   Code   RO         4574    i.HAL_ADC_ConfigChannel  stm32h7xx_hal_adc.o
    0x90001b60   0x90001b60   0x00000002   Code   RO         4575    i.HAL_ADC_ConvCpltCallback  stm32h7xx_hal_adc.o
    0x90001b62   0x90001b62   0x00000002   Code   RO         4576    i.HAL_ADC_ConvHalfCpltCallback  stm32h7xx_hal_adc.o
    0x90001b64   0x90001b64   0x00000002   Code   RO         4578    i.HAL_ADC_ErrorCallback  stm32h7xx_hal_adc.o
    0x90001b66   0x90001b66   0x00000002   PAD
    0x90001b68   0x90001b68   0x0000028c   Code   RO         4583    i.HAL_ADC_Init      stm32h7xx_hal_adc.o
    0x90001df4   0x90001df4   0x00000002   Code   RO         4586    i.HAL_ADC_MspInit   stm32h7xx_hal_adc.o
    0x90001df6   0x90001df6   0x00000002   PAD
    0x90001df8   0x90001df8   0x00000134   Code   RO         4590    i.HAL_ADC_Start_DMA  stm32h7xx_hal_adc.o
    0x90001f2c   0x90001f2c   0x00000088   Code   RO         4593    i.HAL_ADC_Stop_DMA  stm32h7xx_hal_adc.o
    0x90001fb4   0x90001fb4   0x000001b8   Code   RO         5166    i.HAL_DAC_ConfigChannel  stm32h7xx_hal_dac.o
    0x9000216c   0x9000216c   0x00000028   Code   RO         5176    i.HAL_DAC_Init      stm32h7xx_hal_dac.o
    0x90002194   0x90002194   0x00000002   Code   RO         5178    i.HAL_DAC_MspInit   stm32h7xx_hal_dac.o
    0x90002196   0x90002196   0x0000002c   Code   RO         5179    i.HAL_DAC_SetValue  stm32h7xx_hal_dac.o
    0x900021c2   0x900021c2   0x00000078   Code   RO         5180    i.HAL_DAC_Start     stm32h7xx_hal_dac.o
    0x9000223a   0x9000223a   0x00000002   PAD
    0x9000223c   0x9000223c   0x00000070   Code   RO         4143    i.HAL_SRAM_Init     stm32h7xx_hal_sram.o
    0x900022ac   0x900022ac   0x00000098   Code   RO         5637    i.HAL_SRAM_MspInit  lcd.o
    0x90002344   0x90002344   0x00000034   Code   RO         3156    i.HAL_TIM_Base_Init  stm32h7xx_hal_tim.o
    0x90002378   0x90002378   0x00000044   Code   RO         6227    i.HAL_TIM_Base_MspInit  btim.o
    0x900023bc   0x900023bc   0x00000038   Code   RO         3162    i.HAL_TIM_Base_Stop  stm32h7xx_hal_tim.o
    0x900023f4   0x900023f4   0x00000038   Code   RO         3164    i.HAL_TIM_Base_Stop_IT  stm32h7xx_hal_tim.o
    0x9000242c   0x9000242c   0x00000094   Code   RO         3202    i.HAL_TIM_OC_ConfigChannel  stm32h7xx_hal_tim.o
    0x900024c0   0x900024c0   0x00000034   Code   RO         3206    i.HAL_TIM_OC_Init   stm32h7xx_hal_tim.o
    0x900024f4   0x900024f4   0x00000002   Code   RO         3208    i.HAL_TIM_OC_MspInit  stm32h7xx_hal_tim.o
    0x900024f6   0x900024f6   0x00000002   PAD
    0x900024f8   0x900024f8   0x00000088   Code   RO         3209    i.HAL_TIM_OC_Start  stm32h7xx_hal_tim.o
    0x90002580   0x90002580   0x00000032   Code   RO         3241    i.HAL_TIM_ReadCapturedValue  stm32h7xx_hal_tim.o
    0x900025b2   0x900025b2   0x00000002   Code   RO         2692    i.HAL_UARTEx_RxFifoFullCallback  stm32h7xx_hal_uart_ex.o
    0x900025b4   0x900025b4   0x00000002   Code   RO         2696    i.HAL_UARTEx_TxFifoEmptyCallback  stm32h7xx_hal_uart_ex.o
    0x900025b6   0x900025b6   0x00000002   Code   RO         2697    i.HAL_UARTEx_WakeupCallback  stm32h7xx_hal_uart_ex.o
    0x900025b8   0x900025b8   0x00000094   Code   RO         2307    i.HAL_UART_DMAStop  stm32h7xx_hal_uart.o
    0x9000264c   0x9000264c   0x00000002   Code   RO         2311    i.HAL_UART_ErrorCallback  stm32h7xx_hal_uart.o
    0x9000264e   0x9000264e   0x00000010   Code   RO         2313    i.HAL_UART_GetState  stm32h7xx_hal_uart.o
    0x9000265e   0x9000265e   0x00000002   PAD
    0x90002660   0x90002660   0x0000020c   Code   RO         2314    i.HAL_UART_IRQHandler  stm32h7xx_hal_uart.o
    0x9000286c   0x9000286c   0x00000078   Code   RO         2315    i.HAL_UART_Init     stm32h7xx_hal_uart.o
    0x900028e4   0x900028e4   0x0000013c   Code   RO         2320    i.HAL_UART_Receive_IT  stm32h7xx_hal_uart.o
    0x90002a20   0x90002a20   0x000000d4   Code   RO         2324    i.HAL_UART_Transmit  stm32h7xx_hal_uart.o
    0x90002af4   0x90002af4   0x00000002   Code   RO         2327    i.HAL_UART_TxCpltCallback  stm32h7xx_hal_uart.o
    0x90002af6   0x90002af6   0x00000002   PAD
    0x90002af8   0x90002af8   0x00000044   Code   RO         7041    i.KEY0_Init         key.o
    0x90002b3c   0x90002b3c   0x00000048   Code   RO         7042    i.KEY1_Init         key.o
    0x90002b84   0x90002b84   0x0000003c   Code   RO         7044    i.KEY_Scan          key.o
    0x90002bc0   0x90002bc0   0x00000010   Code   RO         4595    i.LL_ADC_Enable     stm32h7xx_hal_adc.o
    0x90002bd0   0x90002bd0   0x0000000a   Code   RO         4597    i.LL_ADC_GetMultimode  stm32h7xx_hal_adc.o
    0x90002bda   0x90002bda   0x0000000a   Code   RO         4598    i.LL_ADC_INJ_IsConversionOngoing  stm32h7xx_hal_adc.o
    0x90002be4   0x90002be4   0x0000000a   Code   RO         4599    i.LL_ADC_IsDisableOngoing  stm32h7xx_hal_adc.o
    0x90002bee   0x90002bee   0x0000000a   Code   RO         4600    i.LL_ADC_IsEnabled  stm32h7xx_hal_adc.o
    0x90002bf8   0x90002bf8   0x0000000a   Code   RO         4601    i.LL_ADC_IsInternalRegulatorEnabled  stm32h7xx_hal_adc.o
    0x90002c02   0x90002c02   0x0000000a   Code   RO         4602    i.LL_ADC_REG_IsConversionOngoing  stm32h7xx_hal_adc.o
    0x90002c0c   0x90002c0c   0x00000012   Code   RO         4603    i.LL_ADC_REG_IsTriggerSourceSWStart  stm32h7xx_hal_adc.o
    0x90002c1e   0x90002c1e   0x00000002   PAD
    0x90002c20   0x90002c20   0x00000010   Code   RO         4604    i.LL_ADC_REG_StartConversion  stm32h7xx_hal_adc.o
    0x90002c30   0x90002c30   0x00000028   Code   RO         4606    i.LL_ADC_SetChannelSamplingTime  stm32h7xx_hal_adc.o
    0x90002c58   0x90002c58   0x0000000c   Code   RO         4607    i.LL_ADC_SetCommonPathInternalCh  stm32h7xx_hal_adc.o
    0x90002c64   0x90002c64   0x000000ba   Code   RO         5890    i.MPU_Memory_Protection  mpu.o
    0x90002d1e   0x90002d1e   0x0000005e   Code   RO         5891    i.MPU_Set_Protection  mpu.o
    0x90002d7c   0x90002d7c   0x00000088   Code   RO         5892    i.MemManage_Handler  mpu.o
    0x90002e04   0x90002e04   0x00000048   Code   RO         6316    i.SYN6288_Busy_Init  syn6288.o
    0x90002e4c   0x90002e4c   0x00000080   Code   RO         6318    i.SYN6288_Frame_Send  syn6288.o
    0x90002ecc   0x90002ecc   0x0000004c   Code   RO         6319    i.SYN6288_Say       syn6288.o
    0x90002f18   0x90002f18   0x00000014   Code   RO         6320    i.SYN6288_State_Check  syn6288.o
    0x90002f2c   0x90002f2c   0x00000008   Code   RO         6612    i.TIM1_CC_IRQHandler  atim.o
    0x90002f34   0x90002f34   0x000001ac   Code   RO         6613    i.TIM1_PWMIN_INT_Service  atim.o
    0x900030e0   0x900030e0   0x00000008   Code   RO         6614    i.TIM1_UP_IRQHandler  atim.o
    0x900030e8   0x900030e8   0x000000a8   Code   RO         6229    i.TIM6_DAC_IRQHandler  btim.o
    0x90003190   0x90003190   0x000000cc   Code   RO         3246    i.TIM_Base_SetConfig  stm32h7xx_hal_tim.o
    0x9000325c   0x9000325c   0x00000022   Code   RO         3247    i.TIM_CCxChannelCmd  stm32h7xx_hal_tim.o
    0x9000327e   0x9000327e   0x00000002   PAD
    0x90003280   0x90003280   0x000000ac   Code   RO         3259    i.TIM_OC1_SetConfig  stm32h7xx_hal_tim.o
    0x9000332c   0x9000332c   0x000000b4   Code   RO         3260    i.TIM_OC2_SetConfig  stm32h7xx_hal_tim.o
    0x900033e0   0x900033e0   0x000000b0   Code   RO         3261    i.TIM_OC3_SetConfig  stm32h7xx_hal_tim.o
    0x90003490   0x90003490   0x00000070   Code   RO         3262    i.TIM_OC4_SetConfig  stm32h7xx_hal_tim.o
    0x90003500   0x90003500   0x0000006c   Code   RO         3263    i.TIM_OC5_SetConfig  stm32h7xx_hal_tim.o
    0x9000356c   0x9000356c   0x0000006c   Code   RO         3264    i.TIM_OC6_SetConfig  stm32h7xx_hal_tim.o
    0x900035d8   0x900035d8   0x000000f8   Code   RO         2329    i.UART_AdvFeatureConfig  stm32h7xx_hal_uart.o
    0x900036d0   0x900036d0   0x00000074   Code   RO         2330    i.UART_CheckIdleState  stm32h7xx_hal_uart.o
    0x90003744   0x90003744   0x00000018   Code   RO         2331    i.UART_DMAAbortOnError  stm32h7xx_hal_uart.o
    0x9000375c   0x9000375c   0x00000028   Code   RO         2341    i.UART_EndRxTransfer  stm32h7xx_hal_uart.o
    0x90003784   0x90003784   0x00000022   Code   RO         2342    i.UART_EndTransmit_IT  stm32h7xx_hal_uart.o
    0x900037a6   0x900037a6   0x00000020   Code   RO         2343    i.UART_EndTxTransfer  stm32h7xx_hal_uart.o
    0x900037c6   0x900037c6   0x00000070   Code   RO         2344    i.UART_RxISR_16BIT  stm32h7xx_hal_uart.o
    0x90003836   0x90003836   0x00000002   PAD
    0x90003838   0x90003838   0x000000b4   Code   RO         2345    i.UART_RxISR_16BIT_FIFOEN  stm32h7xx_hal_uart.o
    0x900038ec   0x900038ec   0x0000006c   Code   RO         2346    i.UART_RxISR_8BIT   stm32h7xx_hal_uart.o
    0x90003958   0x90003958   0x000000b4   Code   RO         2347    i.UART_RxISR_8BIT_FIFOEN  stm32h7xx_hal_uart.o
    0x90003a0c   0x90003a0c   0x000016f0   Code   RO         2348    i.UART_SetConfig    stm32h7xx_hal_uart.o
    0x900050fc   0x900050fc   0x000000be   Code   RO         2353    i.UART_WaitOnFlagUntilTimeout  stm32h7xx_hal_uart.o
    0x900051ba   0x900051ba   0x0000000e   Code   RO         7266    i._is_digit         c_w.l(__printf_wp.o)
    0x900051c8   0x900051c8   0x00000034   Code   RO         5638    i.lcd_clear         lcd.o
    0x900051fc   0x900051fc   0x00000130   Code   RO         5640    i.lcd_display_dir   lcd.o
    0x9000532c   0x9000532c   0x00000020   Code   RO         5646    i.lcd_draw_point    lcd.o
    0x9000534c   0x9000534c   0x0000022c   Code   RO         5648    i.lcd_ex_ili9341_reginit  lcd.o
    0x90005578   0x90005578   0x00000ef2   Code   RO         5649    i.lcd_ex_nt35310_reginit  lcd.o
    0x9000646a   0x9000646a   0x00000efc   Code   RO         5650    i.lcd_ex_nt35510_reginit  lcd.o
    0x90007366   0x90007366   0x0000016e   Code   RO         5651    i.lcd_ex_ssd1963_reginit  lcd.o
    0x900074d4   0x900074d4   0x000001a8   Code   RO         5652    i.lcd_ex_st7789_reginit  lcd.o
    0x9000767c   0x9000767c   0x00000424   Code   RO         5655    i.lcd_init          lcd.o
    0x90007aa0   0x90007aa0   0x0000000c   Code   RO         5656    i.lcd_opt_delay     lcd.o
    0x90007aac   0x90007aac   0x00000016   Code   RO         5657    i.lcd_pow           lcd.o
    0x90007ac2   0x90007ac2   0x00000002   PAD
    0x90007ac4   0x90007ac4   0x00000018   Code   RO         5658    i.lcd_rd_data       lcd.o
    0x90007adc   0x90007adc   0x00000230   Code   RO         5660    i.lcd_scan_dir      lcd.o
    0x90007d0c   0x90007d0c   0x00000120   Code   RO         5661    i.lcd_set_cursor    lcd.o
    0x90007e2c   0x90007e2c   0x00000140   Code   RO         5663    i.lcd_show_char     lcd.o
    0x90007f6c   0x90007f6c   0x00000098   Code   RO         5664    i.lcd_show_num      lcd.o
    0x90008004   0x90008004   0x0000006a   Code   RO         5665    i.lcd_show_string   lcd.o
    0x9000806e   0x9000806e   0x00000002   PAD
    0x90008070   0x90008070   0x00000050   Code   RO         5667    i.lcd_ssd_backlight_set  lcd.o
    0x900080c0   0x900080c0   0x00000018   Code   RO         5668    i.lcd_wr_data       lcd.o
    0x900080d8   0x900080d8   0x00000018   Code   RO         5669    i.lcd_wr_regno      lcd.o
    0x900080f0   0x900080f0   0x00000014   Code   RO         5670    i.lcd_write_ram_prepare  lcd.o
    0x90008104   0x90008104   0x00000010   Code   RO         5671    i.lcd_write_reg     lcd.o
    0x90008114   0x90008114   0x00004740   Data   RO         5673    .constdata          lcd.o
    0x9000c854   0x9000c854   0x0000002a   Data   RO         6321    .constdata          syn6288.o



  Load Region LR$$.ARM.__AT_0x00000000 (Base: 0x00000000, Size: 0x00000000, Max: 0x0000f800, ABSOLUTE)

    Execution Region ER$$.ARM.__AT_0x00000000 (Exec base: 0x00000000, Load base: 0x00000000, Size: 0x0000f800, Max: 0x0000f800, ABSOLUTE, UNINIT)

    Exec Addr    Load Addr    Size         Type   Attr      Idx    E Section Name        Object

    0x00000000        -       0x0000f800   Zero   RW         7164    .ARM.__AT_0x00000000  mh_malloc.o



  Load Region LR$$.ARM.__AT_0x0000F800 (Base: 0x0000f800, Size: 0x00000000, Max: 0x000007c0, ABSOLUTE)

    Execution Region ER$$.ARM.__AT_0x0000F800 (Exec base: 0x0000f800, Load base: 0x0000f800, Size: 0x000007c0, Max: 0x000007c0, ABSOLUTE, UNINIT)

    Exec Addr    Load Addr    Size         Type   Attr      Idx    E Section Name        Object

    0x0000f800        -       0x000007c0   Zero   RW         7165    .ARM.__AT_0x0000F800  mh_malloc.o



  Load Region LR$$.ARM.__AT_0x20000000 (Base: 0x20000000, Size: 0x00000000, Max: 0x0001f000, ABSOLUTE)

    Execution Region ER$$.ARM.__AT_0x20000000 (Exec base: 0x20000000, Load base: 0x20000000, Size: 0x0001f000, Max: 0x0001f000, ABSOLUTE, UNINIT)

    Exec Addr    Load Addr    Size         Type   Attr      Idx    E Section Name        Object

    0x20000000        -       0x0001f000   Zero   RW         7166    .ARM.__AT_0x20000000  mh_malloc.o



  Load Region LR$$.ARM.__AT_0x2001F000 (Base: 0x2001f000, Size: 0x00000000, Max: 0x00000f80, ABSOLUTE)

    Execution Region ER$$.ARM.__AT_0x2001F000 (Exec base: 0x2001f000, Load base: 0x2001f000, Size: 0x00000f80, Max: 0x00000f80, ABSOLUTE, UNINIT)

    Exec Addr    Load Addr    Size         Type   Attr      Idx    E Section Name        Object

    0x2001f000        -       0x00000f80   Zero   RW         7167    .ARM.__AT_0x2001F000  mh_malloc.o



  Load Region LR$$.ARM.__AT_0x30000000 (Base: 0x30000000, Size: 0x00000000, Max: 0x0003e000, ABSOLUTE)

    Execution Region ER$$.ARM.__AT_0x30000000 (Exec base: 0x30000000, Load base: 0x30000000, Size: 0x0003e000, Max: 0x0003e000, ABSOLUTE, UNINIT)

    Exec Addr    Load Addr    Size         Type   Attr      Idx    E Section Name        Object

    0x30000000        -       0x0003e000   Zero   RW         7168    .ARM.__AT_0x30000000  mh_malloc.o



  Load Region LR$$.ARM.__AT_0x3003E000 (Base: 0x3003e000, Size: 0x00000000, Max: 0x00001f00, ABSOLUTE)

    Execution Region ER$$.ARM.__AT_0x3003E000 (Exec base: 0x3003e000, Load base: 0x3003e000, Size: 0x00001f00, Max: 0x00001f00, ABSOLUTE, UNINIT)

    Exec Addr    Load Addr    Size         Type   Attr      Idx    E Section Name        Object

    0x3003e000        -       0x00001f00   Zero   RW         7169    .ARM.__AT_0x3003E000  mh_malloc.o



  Load Region LR$$.ARM.__AT_0x38000000 (Base: 0x38000000, Size: 0x00000000, Max: 0x0000f800, ABSOLUTE)

    Execution Region ER$$.ARM.__AT_0x38000000 (Exec base: 0x38000000, Load base: 0x38000000, Size: 0x0000f800, Max: 0x0000f800, ABSOLUTE, UNINIT)

    Exec Addr    Load Addr    Size         Type   Attr      Idx    E Section Name        Object

    0x38000000        -       0x0000f800   Zero   RW         7170    .ARM.__AT_0x38000000  mh_malloc.o



  Load Region LR$$.ARM.__AT_0x3800F800 (Base: 0x3800f800, Size: 0x00000000, Max: 0x000007c0, ABSOLUTE)

    Execution Region ER$$.ARM.__AT_0x3800F800 (Exec base: 0x3800f800, Load base: 0x3800f800, Size: 0x000007c0, Max: 0x000007c0, ABSOLUTE, UNINIT)

    Exec Addr    Load Addr    Size         Type   Attr      Idx    E Section Name        Object

    0x3800f800        -       0x000007c0   Zero   RW         7171    .ARM.__AT_0x3800F800  mh_malloc.o


==============================================================================

Image component sizes


      Code (inc. data)   RO Data    RW Data    ZI Data      Debug   Object Name

       676         54          0          1        220    1043365   adc.o
       752         56          0         13        108    1060370   atim.o
       272         50          0         11         64       2562   btim.o
       184         16          0          0         20       1308   dac.o
       114         10          0          4          0       2459   delay.o
       782        220          0          0          0       4040   esp01s.o
       200         24          0          0          0       3035   key.o
     12256        160      18240          8         90      23785   lcd.o
      2184        436          0         45     324000      16546   main.o
         0          0          0          0     523776       2199   mh_malloc.o
       416         48          0          0          0      37212   mpu.o
        64         26        664          0       2560        964   startup_stm32h750xx.o
       254         54          0          9          0      23351   stm32h7xx_hal.o
      3752        234          0          0          0      80170   stm32h7xx_hal_adc.o
       184         10          0          0          0      60478   stm32h7xx_hal_adc_ex.o
       502         38          0          0          0      41581   stm32h7xx_hal_cortex.o
       646          4          0          0          0       4364   stm32h7xx_hal_dac.o
      5772        126          8          0          0      11092   stm32h7xx_hal_dma.o
       548         52          0          0          0       3023   stm32h7xx_hal_gpio.o
        20          6          0          0          0        573   stm32h7xx_hal_pwr_ex.o
      3364        100          0          0          0       6680   stm32h7xx_hal_rcc.o
      6240        176          0          0          0      10533   stm32h7xx_hal_rcc_ex.o
       112          6          0          0          0       1216   stm32h7xx_hal_sram.o
      1646        192          0          0          0      11869   stm32h7xx_hal_tim.o
      8476        194          0          0          0      19827   stm32h7xx_hal_uart.o
         6          0          0          0          0       2193   stm32h7xx_hal_uart_ex.o
        28          0          0          0          0    1327350   stm32h7xx_it.o
       322         12          0          0          0       3672   stm32h7xx_ll_fmc.o
       296         34         42          0          0       7237   syn6288.o
      1148         74          0          0          0      40063   sys.o
       168         22         16          8          0       1502   system_stm32h7xx.o
      4972        338          0        161      14356      20526   usart.o

    ----------------------------------------------------------------------
     57020       2772      19006        276     865196    3875145   Object Totals
       620          0         32          0          0          0   (incl. Generated)
        44          0          4         16          2          0   (incl. Padding)

    ----------------------------------------------------------------------

      Code (inc. data)   RO Data    RW Data    ZI Data      Debug   Library Member Name

         8          0          0          0          0         68   __main.o
       284          0          0          0          0        156   __printf_wp.o
         0          0          0          0          0          0   __rtentry.o
        12          0          0          0          0          0   __rtentry2.o
         6          0          0          0          0          0   __rtentry4.o
        52          8          0          0          0          0   __scatter.o
        26          0          0          0          0          0   __scatter_copy.o
        28          0          0          0          0          0   __scatter_zi.o
        28          0          0          0          0         68   _chval.o
        48          6          0          0          0         96   _printf_char_common.o
        36          4          0          0          0         80   _printf_char_file.o
         6          0          0          0          0          0   _printf_d.o
       120         16          0          0          0         92   _printf_dec.o
       178          0          0          0          0         88   _printf_intcommon.o
         0          0          0          0          0          0   _printf_percent.o
         4          0          0          0          0          0   _printf_percent_end.o
        10          0          0          0          0         68   _sputc.o
       158          0          0          0          0         92   _strtoul.o
        26          0          0          0          0         80   atoi.o
        18          0          0          0          0         80   exit.o
         8          0          0          0          0         68   ferror.o
         6          0          0          0          0        152   heapauxi.o
        44         10        272          0          0         76   lc_ctype_c.o
         2          0          0          0          0          0   libinit.o
        24          0          0          0          0          0   libinit2.o
         2          0          0          0          0          0   libshutdown.o
         2          0          0          0          0          0   libshutdown2.o
         8          4          0          0         96         68   libspace.o
       238          0          0          0          0        100   lludivv7m.o
        24          4          0          0          0         84   noretval__2printf.o
        40          6          0          0          0         84   noretval__2sprintf.o
        16          4          0          0          0         76   rt_ctype_table.o
         8          4          0          0          0         68   rt_errno_addr_intlibspace.o
         8          4          0          0          0         68   rt_locale_intlibspace.o
        68          0          0          0          0         68   rt_memclr.o
        78          0          0          0          0         80   rt_memclr_w.o
       138          0          0          0          0         68   rt_memcpy_v6.o
       100          0          0          0          0         80   rt_memcpy_w.o
         2          0          0          0          0          0   rtexit.o
        10          0          0          0          0          0   rtexit2.o
        24          0          0          0          0         68   strcat.o
       104          0          0          0          0         68   strcmpv7m_pel.o
        62          0          0          0          0         76   strlen.o
        36          0          0          0          0         80   strstr.o
       112          0          0          0          0         88   strtol.o
        74          0          0          0          0         80   sys_stackheap_outer.o
         2          0          0          0          0         68   use_no_semi.o
         2          0          0          0          0         68   use_no_semi_2.o
        10          0          0          0          0        116   fpinit.o

    ----------------------------------------------------------------------
      2314         70        272          0         96       2820   Library Totals
        14          0          0          0          0          0   (incl. Padding)

    ----------------------------------------------------------------------

      Code (inc. data)   RO Data    RW Data    ZI Data      Debug   Library Name

      2290         70        272          0         96       2704   c_w.l
        10          0          0          0          0        116   fz_wv.l

    ----------------------------------------------------------------------
      2314         70        272          0         96       2820   Library Totals

    ----------------------------------------------------------------------

==============================================================================


      Code (inc. data)   RO Data    RW Data    ZI Data      Debug   

     59334       2842      19278        276     865292    3855805   Grand Totals
     59334       2842      19278        276     865292    3855805   ELF Image Totals
     59334       2842      19278        276          0          0   ROM Totals

==============================================================================

    Total RO  Size (Code + RO Data)                78612 (  76.77kB)
    Total RW  Size (RW Data + ZI Data)            865568 ( 845.28kB)
    Total ROM Size (Code + RO Data + RW Data)      78888 (  77.04kB)

==============================================================================

